2025-07-14T03:33:43.012209-04:00 daria-VirtualBox systemd[1]: rsyslog.service: Sent signal SIGHUP to main process 709 (rsyslogd) on client request.
2025-07-14T03:33:43.013071-04:00 daria-VirtualBox rsyslogd: [origin software="rsyslogd" swVersion="8.2312.0" x-pid="709" x-info="https://www.rsyslog.com"] rsyslogd was HUPed
2025-07-14T03:33:43.020209-04:00 daria-VirtualBox systemd[1]: logrotate.service: Deactivated successfully.
2025-07-14T03:33:43.020283-04:00 daria-VirtualBox systemd[1]: Finished logrotate.service - Rotate log files.
2025-07-14T03:33:43.026156-04:00 daria-VirtualBox casper-md5check[1058]: .fopen md5_file: No such file or directory
2025-07-14T03:33:43.026794-04:00 daria-VirtualBox casper-md5check[1058]: Checking integrity, this may take some time (or try: fsck.mode=skip)
2025-07-14T03:33:43.026894-04:00 daria-VirtualBox systemd[1]: casper-md5check.service: Main process exited, code=exited, status=1/FAILURE
2025-07-14T03:33:43.026930-04:00 daria-VirtualBox systemd[1]: casper-md5check.service: Failed with result 'exit-code'.
2025-07-14T03:33:43.027889-04:00 daria-VirtualBox systemd[1]: Failed to start casper-md5check.service - casper-md5check Verify Live ISO checksums.
2025-07-14T03:33:43.035275-04:00 daria-VirtualBox systemd[1]: Startup finished in 9.994s (kernel) + 5.383s (userspace) = 15.378s.
2025-07-14T03:33:43.093879-04:00 daria-VirtualBox NetworkManager[701]: <info>  [1752478423.0932] manager: NetworkManager state is now CONNECTED_GLOBAL
2025-07-14T03:33:43.605976-04:00 daria-VirtualBox systemd[1]: dmesg.service: Deactivated successfully.
2025-07-14T03:33:43.946820-04:00 daria-VirtualBox systemd[1]: Created slice user-113.slice - User Slice of UID 113.
2025-07-14T03:33:43.949365-04:00 daria-VirtualBox systemd[1]: Starting user-runtime-dir@113.service - User Runtime Directory /run/user/113...
2025-07-14T03:33:43.949512-04:00 daria-VirtualBox NetworkManager[701]: <info>  [1752478423.9491] policy: set 'Wired connection 1' (enp0s3) as default for IPv6 routing and DNS
2025-07-14T03:33:43.953999-04:00 daria-VirtualBox avahi-daemon[620]: Leaving mDNS multicast group on interface enp0s3.IPv6 with address fe80::be80:503c:afc4:4e5a.
2025-07-14T03:33:43.977687-04:00 daria-VirtualBox avahi-daemon[620]: Joining mDNS multicast group on interface enp0s3.IPv6 with address fd00::62d0:8d01:9c53:a647.
2025-07-14T03:33:43.981201-04:00 daria-VirtualBox avahi-daemon[620]: Registering new address record for fd00::62d0:8d01:9c53:a647 on enp0s3.*.
2025-07-14T03:33:43.981487-04:00 daria-VirtualBox avahi-daemon[620]: Withdrawing address record for fe80::be80:503c:afc4:4e5a on enp0s3.
2025-07-14T03:33:43.992821-04:00 daria-VirtualBox systemd[1]: Finished user-runtime-dir@113.service - User Runtime Directory /run/user/113.
2025-07-14T03:33:43.999289-04:00 daria-VirtualBox systemd[1]: Starting user@113.service - User Manager for UID 113...
2025-07-14T03:33:44.437491-04:00 daria-VirtualBox systemd[1108]: Queued start job for default target default.target.
2025-07-14T03:33:44.515074-04:00 daria-VirtualBox systemd[1108]: Created slice app.slice - User Application Slice.
2025-07-14T03:33:44.520059-04:00 daria-VirtualBox systemd[1108]: Created slice session.slice - User Core Session Slice.
2025-07-14T03:33:44.520872-04:00 daria-VirtualBox systemd[1108]: Started launchpadlib-cache-clean.timer - Clean up old files in the Launchpadlib cache.
2025-07-14T03:33:44.521080-04:00 daria-VirtualBox systemd[1108]: Reached target paths.target - Paths.
2025-07-14T03:33:44.521149-04:00 daria-VirtualBox systemd[1108]: Reached target timers.target - Timers.
2025-07-14T03:33:44.524878-04:00 daria-VirtualBox systemd[1108]: Starting dbus.socket - D-Bus User Message Bus Socket...
2025-07-14T03:33:44.525032-04:00 daria-VirtualBox systemd[1108]: Listening on dirmngr.socket - GnuPG network certificate management daemon.
2025-07-14T03:33:44.525150-04:00 daria-VirtualBox systemd[1108]: Listening on gcr-ssh-agent.socket - GCR ssh-agent wrapper.
2025-07-14T03:33:44.525189-04:00 daria-VirtualBox systemd[1108]: Listening on gnome-keyring-daemon.socket - GNOME Keyring daemon.
2025-07-14T03:33:44.525322-04:00 daria-VirtualBox systemd[1108]: Listening on gpg-agent-browser.socket - GnuPG cryptographic agent and passphrase cache (access for web browsers).
2025-07-14T03:33:44.525359-04:00 daria-VirtualBox systemd[1108]: Listening on gpg-agent-extra.socket - GnuPG cryptographic agent and passphrase cache (restricted).
2025-07-14T03:33:44.533700-04:00 daria-VirtualBox systemd[1108]: Starting gpg-agent-ssh.socket - GnuPG cryptographic agent (ssh-agent emulation)...
2025-07-14T03:33:44.536857-04:00 daria-VirtualBox systemd[1108]: Listening on gpg-agent.socket - GnuPG cryptographic agent and passphrase cache.
2025-07-14T03:33:44.540404-04:00 daria-VirtualBox systemd[1108]: Listening on keyboxd.socket - GnuPG public key management service.
2025-07-14T03:33:44.543398-04:00 daria-VirtualBox systemd[1108]: Listening on pipewire-pulse.socket - PipeWire PulseAudio.
2025-07-14T03:33:44.544005-04:00 daria-VirtualBox systemd[1108]: Listening on pipewire.socket - PipeWire Multimedia System Sockets.
2025-07-14T03:33:44.544138-04:00 daria-VirtualBox systemd[1108]: Listening on pk-debconf-helper.socket - debconf communication socket.
2025-07-14T03:33:44.544749-04:00 daria-VirtualBox systemd[1108]: Listening on speech-dispatcher.socket - Speech Dispatcher Socket.
2025-07-14T03:33:44.577148-04:00 daria-VirtualBox systemd[1108]: Listening on dbus.socket - D-Bus User Message Bus Socket.
2025-07-14T03:33:44.588461-04:00 daria-VirtualBox systemd[1108]: Listening on gpg-agent-ssh.socket - GnuPG cryptographic agent (ssh-agent emulation).
2025-07-14T03:33:44.590341-04:00 daria-VirtualBox systemd[1108]: Reached target sockets.target - Sockets.
2025-07-14T03:33:44.590784-04:00 daria-VirtualBox systemd[1108]: Reached target basic.target - Basic System.
2025-07-14T03:33:44.590843-04:00 daria-VirtualBox systemd[1]: Started user@113.service - User Manager for UID 113.
2025-07-14T03:33:44.595771-04:00 daria-VirtualBox systemd[1]: Started session-c1.scope - Session c1 of User lightdm.
2025-07-14T03:33:44.596226-04:00 daria-VirtualBox systemd[1108]: Started pipewire.service - PipeWire Multimedia Service.
2025-07-14T03:33:44.608445-04:00 daria-VirtualBox systemd[1108]: Started filter-chain.service - PipeWire filter chain daemon.
2025-07-14T03:33:44.617864-04:00 daria-VirtualBox systemd[1108]: Started wireplumber.service - Multimedia Service Session Manager.
2025-07-14T03:33:44.623103-04:00 daria-VirtualBox systemd[1108]: Started pipewire-pulse.service - PipeWire PulseAudio.
2025-07-14T03:33:44.623291-04:00 daria-VirtualBox systemd[1108]: Reached target default.target - Main User Target.
2025-07-14T03:33:44.623329-04:00 daria-VirtualBox systemd[1108]: Startup finished in 609ms.
2025-07-14T03:33:44.641344-04:00 daria-VirtualBox systemd[1108]: Started gnome-keyring-daemon.service - GNOME Keyring daemon.
2025-07-14T03:33:44.691310-04:00 daria-VirtualBox systemd[1108]: Starting dbus.service - D-Bus User Message Bus...
2025-07-14T03:33:44.711975-04:00 daria-VirtualBox gnome-keyring-daemon[1126]: GNOME_KEYRING_CONTROL=/run/user/113/keyring
2025-07-14T03:33:44.784175-04:00 daria-VirtualBox dbus-daemon[1127]: [session uid=113 pid=1127] AppArmor D-Bus mediation is enabled
2025-07-14T03:33:44.784325-04:00 daria-VirtualBox systemd[1108]: Started dbus.service - D-Bus User Message Bus.
2025-07-14T03:33:44.796738-04:00 daria-VirtualBox dbus-daemon[623]: [system] Activating via systemd: service name='org.freedesktop.RealtimeKit1' unit='rtkit-daemon.service' requested by ':1.31' (uid=113 pid=1122 comm="/usr/bin/pipewire -c filter-chain.conf" label="unconfined")
2025-07-14T03:33:44.811507-04:00 daria-VirtualBox systemd[1]: Starting rtkit-daemon.service - RealtimeKit Scheduling Policy Service...
2025-07-14T03:33:44.888729-04:00 daria-VirtualBox dbus-daemon[623]: [system] Successfully activated service 'org.freedesktop.RealtimeKit1'
2025-07-14T03:33:44.891361-04:00 daria-VirtualBox systemd[1]: Started rtkit-daemon.service - RealtimeKit Scheduling Policy Service.
2025-07-14T03:33:44.891668-04:00 daria-VirtualBox rtkit-daemon[1134]: Successfully called chroot.
2025-07-14T03:33:44.891833-04:00 daria-VirtualBox rtkit-daemon[1134]: Successfully dropped privileges.
2025-07-14T03:33:44.891911-04:00 daria-VirtualBox rtkit-daemon[1134]: Successfully limited resources.
2025-07-14T03:33:44.891960-04:00 daria-VirtualBox rtkit-daemon[1134]: Running.
2025-07-14T03:33:44.891985-04:00 daria-VirtualBox rtkit-daemon[1134]: Supervising 0 threads of 0 processes of 0 users.
2025-07-14T03:33:44.892076-04:00 daria-VirtualBox rtkit-daemon[1134]: message repeated 3 times: [ Supervising 0 threads of 0 processes of 0 users.]
2025-07-14T03:33:44.894398-04:00 daria-VirtualBox pipewire[1121]: mod.jackdbus-detect: Failed to receive jackdbus reply: org.freedesktop.DBus.Error.ServiceUnknown: The name org.jackaudio.service was not provided by any .service files
2025-07-14T03:33:44.895298-04:00 daria-VirtualBox rtkit-daemon[1134]: Canary thread running.
2025-07-14T03:33:44.898990-04:00 daria-VirtualBox rtkit-daemon[1134]: Watchdog thread running.
2025-07-14T03:33:44.899049-04:00 daria-VirtualBox rtkit-daemon[1134]: Supervising 0 threads of 0 processes of 0 users.
2025-07-14T03:33:44.907375-04:00 daria-VirtualBox rtkit-daemon[1134]: message repeated 5 times: [ Supervising 0 threads of 0 processes of 0 users.]
2025-07-14T03:33:44.928221-04:00 daria-VirtualBox rtkit-daemon[1134]: Successfully made thread 1125 of process 1125 owned by '113' high priority at nice level -11.
2025-07-14T03:33:44.929330-04:00 daria-VirtualBox rtkit-daemon[1134]: Supervising 1 threads of 1 processes of 1 users.
2025-07-14T03:33:44.939129-04:00 daria-VirtualBox rtkit-daemon[1134]: Successfully made thread 1142 of process 1125 owned by '113' RT at priority 20.
2025-07-14T03:33:44.939209-04:00 daria-VirtualBox rtkit-daemon[1134]: Supervising 2 threads of 1 processes of 1 users.
2025-07-14T03:33:44.939279-04:00 daria-VirtualBox rtkit-daemon[1134]: message repeated 2 times: [ Supervising 2 threads of 1 processes of 1 users.]
2025-07-14T03:33:44.944331-04:00 daria-VirtualBox rtkit-daemon[1134]: Successfully made thread 1121 of process 1121 owned by '113' high priority at nice level -11.
2025-07-14T03:33:44.944383-04:00 daria-VirtualBox rtkit-daemon[1134]: Supervising 3 threads of 2 processes of 1 users.
2025-07-14T03:33:44.947208-04:00 daria-VirtualBox rtkit-daemon[1134]: Successfully made thread 1143 of process 1121 owned by '113' RT at priority 20.
2025-07-14T03:33:44.947253-04:00 daria-VirtualBox rtkit-daemon[1134]: Supervising 4 threads of 2 processes of 1 users.
2025-07-14T03:33:44.947303-04:00 daria-VirtualBox rtkit-daemon[1134]: Successfully made thread 1137 of process 1122 owned by '113' RT at priority 20.
2025-07-14T03:33:44.947327-04:00 daria-VirtualBox rtkit-daemon[1134]: Supervising 5 threads of 3 processes of 1 users.
2025-07-14T03:33:44.949017-04:00 daria-VirtualBox rtkit-daemon[1134]: Successfully made thread 1124 of process 1124 owned by '113' high priority at nice level -11.
2025-07-14T03:33:44.949057-04:00 daria-VirtualBox rtkit-daemon[1134]: Supervising 6 threads of 4 processes of 1 users.
2025-07-14T03:33:44.953862-04:00 daria-VirtualBox rtkit-daemon[1134]: Successfully made thread 1139 of process 1124 owned by '113' RT at priority 20.
2025-07-14T03:33:44.953980-04:00 daria-VirtualBox rtkit-daemon[1134]: Supervising 7 threads of 4 processes of 1 users.
2025-07-14T03:33:44.997069-04:00 daria-VirtualBox dbus-daemon[1127]: [session uid=113 pid=1127] Activating via systemd: service name='ca.desrt.dconf' unit='dconf.service' requested by ':1.9' (uid=113 pid=1140 comm="/usr/sbin/slick-greeter" label="unconfined")
2025-07-14T03:33:45.013371-04:00 daria-VirtualBox systemd[1108]: Starting dconf.service - User preferences database...
2025-07-14T03:33:45.057837-04:00 daria-VirtualBox wireplumber[1124]: SPA handle 'api.libcamera.enum.manager' could not be loaded; is it installed?
2025-07-14T03:33:45.058544-04:00 daria-VirtualBox wireplumber[1124]: PipeWire's libcamera SPA missing or broken. libcamera not supported.
2025-07-14T03:33:45.061010-04:00 daria-VirtualBox dbus-daemon[1127]: [session uid=113 pid=1127] Successfully activated service 'ca.desrt.dconf'
2025-07-14T03:33:45.062155-04:00 daria-VirtualBox systemd[1108]: Started dconf.service - User preferences database.
2025-07-14T03:33:45.118151-04:00 daria-VirtualBox wireplumber[1124]: Failed to get percentage from UPower: org.freedesktop.DBus.Error.NameHasNoOwner
2025-07-14T03:33:45.260763-04:00 daria-VirtualBox wireplumber[1124]: The decibel volume range for element 'Center' (-4650 dB - -2400 dB) has negative maximum. Disabling the decibel range.
2025-07-14T03:33:45.260861-04:00 daria-VirtualBox wireplumber[1124]: The decibel volume range for element 'LFE' (-4650 dB - -2400 dB) has negative maximum. Disabling the decibel range.
2025-07-14T03:33:45.260881-04:00 daria-VirtualBox wireplumber[1124]: The decibel volume range for element 'Center' (-4650 dB - -2400 dB) has negative maximum. Disabling the decibel range.
2025-07-14T03:33:45.260896-04:00 daria-VirtualBox wireplumber[1124]: The decibel volume range for element 'LFE' (-4650 dB - -2400 dB) has negative maximum. Disabling the decibel range.
2025-07-14T03:33:45.260909-04:00 daria-VirtualBox wireplumber[1124]: The decibel volume range for element 'Center' (-4650 dB - -2400 dB) has negative maximum. Disabling the decibel range.
2025-07-14T03:33:45.260924-04:00 daria-VirtualBox wireplumber[1124]: The decibel volume range for element 'LFE' (-4650 dB - -2400 dB) has negative maximum. Disabling the decibel range.
2025-07-14T03:33:45.260941-04:00 daria-VirtualBox wireplumber[1124]: The decibel volume range for element 'Center' (-4650 dB - -2400 dB) has negative maximum. Disabling the decibel range.
2025-07-14T03:33:45.260955-04:00 daria-VirtualBox wireplumber[1124]: The decibel volume range for element 'LFE' (-4650 dB - -2400 dB) has negative maximum. Disabling the decibel range.
2025-07-14T03:33:45.260969-04:00 daria-VirtualBox wireplumber[1124]: The decibel volume range for element 'Center' (-4650 dB - -2400 dB) has negative maximum. Disabling the decibel range.
2025-07-14T03:33:45.260982-04:00 daria-VirtualBox wireplumber[1124]: The decibel volume range for element 'LFE' (-4650 dB - -2400 dB) has negative maximum. Disabling the decibel range.
2025-07-14T03:33:45.271622-04:00 daria-VirtualBox wireplumber[1124]: BlueZ system service is not available
2025-07-14T03:33:45.611658-04:00 daria-VirtualBox slick-greeter-check-hidpi: Window scale: 1
2025-07-14T03:33:45.696143-04:00 daria-VirtualBox slick-greeter-set-keyboard-layout: Current keyboard configuration: rules:      evdev#012model:      pc105#012layout:     us
2025-07-14T03:33:45.696293-04:00 daria-VirtualBox slick-greeter-set-keyboard-layout: Applying keyboard configuration: ['setxkbmap', '-model', 'pc105', '-layout', 'us', '-variant', '', '-option', '', '-v']
2025-07-14T03:33:45.725899-04:00 daria-VirtualBox slick-greeter-set-keyboard-layout: Result: Warning! Multiple definitions of keyboard model#012         Using command line, ignoring X server#012Warning! Multiple definitions of keyboard layout#012         Using command line, ignoring X server#012Trying to build keymap using the following components:#012keycodes:   evdev+aliases(qwerty)#012types:      complete#012compat:     complete#012symbols:    pc+us+inet(evdev)#012geometry:   pc(pc105)
2025-07-14T03:33:45.730027-04:00 daria-VirtualBox slick-greeter-set-keyboard-layout: New keyboard configuration: rules:      evdev#012model:      pc105#012layout:     us
2025-07-14T03:33:45.785481-04:00 daria-VirtualBox slick-greeter-enable-tap-to-click: Found xinput pointer: id=2
2025-07-14T03:33:45.792602-04:00 daria-VirtualBox slick-greeter-enable-tap-to-click: Found xinput pointer: id=4
2025-07-14T03:33:45.802284-04:00 daria-VirtualBox slick-greeter-enable-tap-to-click: Found xinput pointer: id=9
2025-07-14T03:33:45.816002-04:00 daria-VirtualBox slick-greeter-enable-tap-to-click: Found xinput pointer: id=10
2025-07-14T03:33:45.834029-04:00 daria-VirtualBox slick-greeter-enable-tap-to-click: Found xinput pointer: id=12
2025-07-14T03:33:45.873803-04:00 daria-VirtualBox ModemManager[750]: <msg> [base-manager] couldn't check support for device '/sys/devices/pci0000:00/0000:00:03.0': not supported by any plugin
2025-07-14T03:33:45.907298-04:00 daria-VirtualBox avahi-daemon[620]: Registering new address record for fd00::a490:e4a0:80b7:71a7 on enp0s3.*.
2025-07-14T03:33:45.920393-04:00 daria-VirtualBox dbus-daemon[1127]: [session uid=113 pid=1127] Activating via systemd: service name='org.a11y.Bus' unit='at-spi-dbus-bus.service' requested by ':1.12' (uid=113 pid=1140 comm="/usr/sbin/slick-greeter" label="unconfined")
2025-07-14T03:33:45.932064-04:00 daria-VirtualBox systemd[1108]: Starting at-spi-dbus-bus.service - Accessibility services bus...
2025-07-14T03:33:45.941143-04:00 daria-VirtualBox dbus-daemon[1127]: [session uid=113 pid=1127] Successfully activated service 'org.a11y.Bus'
2025-07-14T03:33:45.941225-04:00 daria-VirtualBox systemd[1108]: Started at-spi-dbus-bus.service - Accessibility services bus.
2025-07-14T03:33:45.957907-04:00 daria-VirtualBox dbus-daemon[1127]: [session uid=113 pid=1127] Activating via systemd: service name='org.gtk.vfs.Daemon' unit='gvfs-daemon.service' requested by ':1.9' (uid=113 pid=1140 comm="/usr/sbin/slick-greeter" label="unconfined")
2025-07-14T03:33:45.974756-04:00 daria-VirtualBox systemd[1108]: Starting gvfs-daemon.service - Virtual filesystem service...
2025-07-14T03:33:46.008971-04:00 daria-VirtualBox dbus-daemon[1127]: [session uid=113 pid=1127] Successfully activated service 'org.gtk.vfs.Daemon'
2025-07-14T03:33:46.009336-04:00 daria-VirtualBox systemd[1108]: Started gvfs-daemon.service - Virtual filesystem service.
2025-07-14T03:33:46.127085-04:00 daria-VirtualBox dbus-daemon[623]: [system] Activating via systemd: service name='org.freedesktop.UPower' unit='upower.service' requested by ':1.37' (uid=113 pid=1140 comm="/usr/sbin/slick-greeter" label="unconfined")
2025-07-14T03:33:46.138575-04:00 daria-VirtualBox systemd[1]: Starting upower.service - Daemon for power management...
2025-07-14T03:33:46.235631-04:00 daria-VirtualBox dbus-daemon[623]: [system] Successfully activated service 'org.freedesktop.UPower'
2025-07-14T03:33:46.235926-04:00 daria-VirtualBox systemd[1]: Started upower.service - Daemon for power management.
2025-07-14T03:33:46.511196-04:00 daria-VirtualBox at-spi-bus-launcher[1188]: dbus-daemon[1188]: Activating service name='org.a11y.atspi.Registry' requested by ':1.0' (uid=113 pid=1140 comm="/usr/sbin/slick-greeter" label="unconfined")
2025-07-14T03:33:46.559543-04:00 daria-VirtualBox at-spi-bus-launcher[1188]: dbus-daemon[1188]: Successfully activated service 'org.a11y.atspi.Registry'
2025-07-14T03:33:46.559780-04:00 daria-VirtualBox at-spi-bus-launcher[1234]: SpiRegistry daemon is running with well-known name - org.a11y.atspi.Registry
2025-07-14T03:33:51.899992-04:00 daria-VirtualBox systemd[1]: NetworkManager-dispatcher.service: Deactivated successfully.
2025-07-14T03:34:09.470918-04:00 daria-VirtualBox systemd[1]: systemd-fsckd.service: Deactivated successfully.
2025-07-14T03:34:11.471437-04:00 daria-VirtualBox systemd[1]: blueman-mechanism.service: Deactivated successfully.
2025-07-14T03:34:11.687267-04:00 daria-VirtualBox systemd[1]: systemd-hostnamed.service: Deactivated successfully.
2025-07-14T03:34:14.844257-04:00 daria-VirtualBox systemd[1]: Stopping session-c1.scope - Session c1 of User lightdm...
2025-07-14T03:34:14.852368-04:00 daria-VirtualBox systemd[1]: session-c1.scope: Deactivated successfully.
2025-07-14T03:34:14.852718-04:00 daria-VirtualBox systemd[1]: Stopped session-c1.scope - Session c1 of User lightdm.
2025-07-14T03:34:14.852763-04:00 daria-VirtualBox systemd[1]: session-c1.scope: Consumed 2.000s CPU time.
2025-07-14T03:34:14.869196-04:00 daria-VirtualBox systemd[1]: Created slice user-1000.slice - User Slice of UID 1000.
2025-07-14T03:34:14.874165-04:00 daria-VirtualBox systemd[1]: Starting user-runtime-dir@1000.service - User Runtime Directory /run/user/1000...
2025-07-14T03:34:14.881301-04:00 daria-VirtualBox systemd[1]: Finished user-runtime-dir@1000.service - User Runtime Directory /run/user/1000.
2025-07-14T03:34:14.883114-04:00 daria-VirtualBox systemd[1]: Starting user@1000.service - User Manager for UID 1000...
2025-07-14T03:34:15.011331-04:00 daria-VirtualBox kernel: systemd-journald[282]: File /var/log/journal/1821d58d5f214225a51b8f2e794a4511/user-1000.journal corrupted or uncleanly shut down, renaming and replacing.
2025-07-14T03:34:15.010585-04:00 daria-VirtualBox systemd[1255]: Queued start job for default target default.target.
2025-07-14T03:34:15.059056-04:00 daria-VirtualBox systemd[1255]: Created slice app.slice - User Application Slice.
2025-07-14T03:34:15.060285-04:00 daria-VirtualBox systemd[1255]: Created slice session.slice - User Core Session Slice.
2025-07-14T03:34:15.060328-04:00 daria-VirtualBox systemd[1255]: Started launchpadlib-cache-clean.timer - Clean up old files in the Launchpadlib cache.
2025-07-14T03:34:15.060368-04:00 daria-VirtualBox systemd[1255]: Reached target paths.target - Paths.
2025-07-14T03:34:15.060398-04:00 daria-VirtualBox systemd[1255]: Reached target timers.target - Timers.
2025-07-14T03:34:15.061992-04:00 daria-VirtualBox systemd[1255]: Starting dbus.socket - D-Bus User Message Bus Socket...
2025-07-14T03:34:15.062715-04:00 daria-VirtualBox systemd[1255]: Listening on dirmngr.socket - GnuPG network certificate management daemon.
2025-07-14T03:34:15.064162-04:00 daria-VirtualBox systemd[1255]: Listening on gcr-ssh-agent.socket - GCR ssh-agent wrapper.
2025-07-14T03:34:15.064234-04:00 daria-VirtualBox systemd[1255]: Listening on gnome-keyring-daemon.socket - GNOME Keyring daemon.
2025-07-14T03:34:15.064249-04:00 daria-VirtualBox systemd[1255]: Listening on gpg-agent-browser.socket - GnuPG cryptographic agent and passphrase cache (access for web browsers).
2025-07-14T03:34:15.064320-04:00 daria-VirtualBox systemd[1255]: Listening on gpg-agent-extra.socket - GnuPG cryptographic agent and passphrase cache (restricted).
2025-07-14T03:34:15.067761-04:00 daria-VirtualBox systemd[1255]: Starting gpg-agent-ssh.socket - GnuPG cryptographic agent (ssh-agent emulation)...
2025-07-14T03:34:15.067836-04:00 daria-VirtualBox systemd[1255]: Listening on gpg-agent.socket - GnuPG cryptographic agent and passphrase cache.
2025-07-14T03:34:15.067856-04:00 daria-VirtualBox systemd[1255]: Listening on keyboxd.socket - GnuPG public key management service.
2025-07-14T03:34:15.067948-04:00 daria-VirtualBox systemd[1255]: Listening on pipewire-pulse.socket - PipeWire PulseAudio.
2025-07-14T03:34:15.067994-04:00 daria-VirtualBox systemd[1255]: Listening on pipewire.socket - PipeWire Multimedia System Sockets.
2025-07-14T03:34:15.068007-04:00 daria-VirtualBox systemd[1255]: Listening on pk-debconf-helper.socket - debconf communication socket.
2025-07-14T03:34:15.068022-04:00 daria-VirtualBox systemd[1255]: Listening on speech-dispatcher.socket - Speech Dispatcher Socket.
2025-07-14T03:34:15.072588-04:00 daria-VirtualBox systemd[1255]: Listening on dbus.socket - D-Bus User Message Bus Socket.
2025-07-14T03:34:15.086817-04:00 daria-VirtualBox systemd[1255]: Listening on gpg-agent-ssh.socket - GnuPG cryptographic agent (ssh-agent emulation).
2025-07-14T03:34:15.087013-04:00 daria-VirtualBox systemd[1255]: Reached target sockets.target - Sockets.
2025-07-14T03:34:15.087206-04:00 daria-VirtualBox systemd[1255]: Reached target basic.target - Basic System.
2025-07-14T03:34:15.087395-04:00 daria-VirtualBox systemd[1]: Started user@1000.service - User Manager for UID 1000.
2025-07-14T03:34:15.088400-04:00 daria-VirtualBox systemd[1]: Started session-c2.scope - Session c2 of User daria.
2025-07-14T03:34:15.089795-04:00 daria-VirtualBox systemd[1255]: Started pipewire.service - PipeWire Multimedia Service.
2025-07-14T03:34:15.091427-04:00 daria-VirtualBox systemd[1255]: Started filter-chain.service - PipeWire filter chain daemon.
2025-07-14T03:34:15.093689-04:00 daria-VirtualBox systemd[1255]: Started wireplumber.service - Multimedia Service Session Manager.
2025-07-14T03:34:15.097331-04:00 daria-VirtualBox systemd[1255]: Started pipewire-pulse.service - PipeWire PulseAudio.
2025-07-14T03:34:15.097736-04:00 daria-VirtualBox systemd[1255]: Reached target default.target - Main User Target.
2025-07-14T03:34:15.097822-04:00 daria-VirtualBox systemd[1255]: Startup finished in 202ms.
2025-07-14T03:34:15.102297-04:00 daria-VirtualBox systemd[1255]: Started gnome-keyring-daemon.service - GNOME Keyring daemon.
2025-07-14T03:34:15.111558-04:00 daria-VirtualBox gnome-keyring-daemon[1273]: GNOME_KEYRING_CONTROL=/run/user/1000/keyring
2025-07-14T03:34:15.116050-04:00 daria-VirtualBox systemd[1255]: Starting dbus.service - D-Bus User Message Bus...
2025-07-14T03:34:15.123474-04:00 daria-VirtualBox dbus-daemon[1278]: [session uid=1000 pid=1278] AppArmor D-Bus mediation is enabled
2025-07-14T03:34:15.123828-04:00 daria-VirtualBox systemd[1255]: Started dbus.service - D-Bus User Message Bus.
2025-07-14T03:34:15.127092-04:00 daria-VirtualBox rtkit-daemon[1134]: Supervising 7 threads of 4 processes of 1 users.
2025-07-14T03:34:15.130257-04:00 daria-VirtualBox rtkit-daemon[1134]: message repeated 4 times: [ Supervising 7 threads of 4 processes of 1 users.]
2025-07-14T03:34:15.132986-04:00 daria-VirtualBox rtkit-daemon[1134]: Successfully made thread 1281 of process 1269 owned by '1000' RT at priority 20.
2025-07-14T03:34:15.135310-04:00 daria-VirtualBox rtkit-daemon[1134]: Supervising 8 threads of 5 processes of 2 users.
2025-07-14T03:34:15.135927-04:00 daria-VirtualBox pipewire[1268]: mod.jackdbus-detect: Failed to receive jackdbus reply: org.freedesktop.DBus.Error.ServiceUnknown: The name org.jackaudio.service was not provided by any .service files
2025-07-14T03:34:15.136008-04:00 daria-VirtualBox rtkit-daemon[1134]: Supervising 8 threads of 5 processes of 2 users.
2025-07-14T03:34:15.137100-04:00 daria-VirtualBox rtkit-daemon[1134]: message repeated 2 times: [ Supervising 8 threads of 5 processes of 2 users.]
2025-07-14T03:34:15.142130-04:00 daria-VirtualBox rtkit-daemon[1134]: Successfully made thread 1271 of process 1271 owned by '1000' high priority at nice level -11.
2025-07-14T03:34:15.142444-04:00 daria-VirtualBox rtkit-daemon[1134]: Supervising 9 threads of 6 processes of 2 users.
2025-07-14T03:34:15.146505-04:00 daria-VirtualBox rtkit-daemon[1134]: Successfully made thread 1283 of process 1271 owned by '1000' RT at priority 20.
2025-07-14T03:34:15.146805-04:00 daria-VirtualBox rtkit-daemon[1134]: Supervising 10 threads of 6 processes of 2 users.
2025-07-14T03:34:15.146893-04:00 daria-VirtualBox rtkit-daemon[1134]: Supervising 10 threads of 6 processes of 2 users.
2025-07-14T03:34:15.147391-04:00 daria-VirtualBox rtkit-daemon[1134]: Supervising 10 threads of 6 processes of 2 users.
2025-07-14T03:34:15.150094-04:00 daria-VirtualBox rtkit-daemon[1134]: Supervising 10 threads of 6 processes of 2 users.
2025-07-14T03:34:15.154204-04:00 daria-VirtualBox rtkit-daemon[1134]: Successfully made thread 1268 of process 1268 owned by '1000' high priority at nice level -11.
2025-07-14T03:34:15.154414-04:00 daria-VirtualBox rtkit-daemon[1134]: Supervising 11 threads of 7 processes of 2 users.
2025-07-14T03:34:15.156183-04:00 daria-VirtualBox rtkit-daemon[1134]: Successfully made thread 1286 of process 1268 owned by '1000' RT at priority 20.
2025-07-14T03:34:15.156474-04:00 daria-VirtualBox rtkit-daemon[1134]: Supervising 12 threads of 7 processes of 2 users.
2025-07-14T03:34:15.156614-04:00 daria-VirtualBox rtkit-daemon[1134]: Supervising 12 threads of 7 processes of 2 users.
2025-07-14T03:34:15.157131-04:00 daria-VirtualBox wireplumber[1271]: SPA handle 'api.libcamera.enum.manager' could not be loaded; is it installed?
2025-07-14T03:34:15.157169-04:00 daria-VirtualBox wireplumber[1271]: PipeWire's libcamera SPA missing or broken. libcamera not supported.
2025-07-14T03:34:15.160412-04:00 daria-VirtualBox rtkit-daemon[1134]: Successfully made thread 1272 of process 1272 owned by '1000' high priority at nice level -11.
2025-07-14T03:34:15.160446-04:00 daria-VirtualBox rtkit-daemon[1134]: Supervising 13 threads of 8 processes of 2 users.
2025-07-14T03:34:15.162607-04:00 daria-VirtualBox rtkit-daemon[1134]: Successfully made thread 1290 of process 1272 owned by '1000' RT at priority 20.
2025-07-14T03:34:15.162640-04:00 daria-VirtualBox rtkit-daemon[1134]: Supervising 14 threads of 8 processes of 2 users.
2025-07-14T03:34:15.185716-04:00 daria-VirtualBox wireplumber[1271]: The decibel volume range for element 'Center' (-4650 dB - -2400 dB) has negative maximum. Disabling the decibel range.
2025-07-14T03:34:15.185953-04:00 daria-VirtualBox wireplumber[1271]: The decibel volume range for element 'LFE' (-4650 dB - -2400 dB) has negative maximum. Disabling the decibel range.
2025-07-14T03:34:15.186096-04:00 daria-VirtualBox wireplumber[1271]: The decibel volume range for element 'Center' (-4650 dB - -2400 dB) has negative maximum. Disabling the decibel range.
2025-07-14T03:34:15.186137-04:00 daria-VirtualBox wireplumber[1271]: The decibel volume range for element 'LFE' (-4650 dB - -2400 dB) has negative maximum. Disabling the decibel range.
2025-07-14T03:34:15.186172-04:00 daria-VirtualBox wireplumber[1271]: The decibel volume range for element 'Center' (-4650 dB - -2400 dB) has negative maximum. Disabling the decibel range.
2025-07-14T03:34:15.186196-04:00 daria-VirtualBox wireplumber[1271]: The decibel volume range for element 'LFE' (-4650 dB - -2400 dB) has negative maximum. Disabling the decibel range.
2025-07-14T03:34:15.186229-04:00 daria-VirtualBox wireplumber[1271]: The decibel volume range for element 'Center' (-4650 dB - -2400 dB) has negative maximum. Disabling the decibel range.
2025-07-14T03:34:15.186251-04:00 daria-VirtualBox wireplumber[1271]: The decibel volume range for element 'LFE' (-4650 dB - -2400 dB) has negative maximum. Disabling the decibel range.
2025-07-14T03:34:15.186280-04:00 daria-VirtualBox wireplumber[1271]: The decibel volume range for element 'Center' (-4650 dB - -2400 dB) has negative maximum. Disabling the decibel range.
2025-07-14T03:34:15.186302-04:00 daria-VirtualBox wireplumber[1271]: The decibel volume range for element 'LFE' (-4650 dB - -2400 dB) has negative maximum. Disabling the decibel range.
2025-07-14T03:34:15.195199-04:00 daria-VirtualBox wireplumber[1271]: BlueZ system service is not available
2025-07-14T03:34:15.810781-04:00 daria-VirtualBox cinnamon-session-binary[1294]: WARNING: t+0.03164s: Could not read /etc/xdg/autostart/vboxclient.desktop: Could not parse desktop file vboxclient.desktop or it references a not found TryExec binary
2025-07-14T03:34:15.824816-04:00 daria-VirtualBox gnome-keyring-d[1273]: The Secret Service was already initialized
2025-07-14T03:34:15.828270-04:00 daria-VirtualBox gnome-keyring-d[1273]: The PKCS#11 component was already initialized
2025-07-14T03:34:15.885098-04:00 daria-VirtualBox dbus-daemon[1278]: [session uid=1000 pid=1278] Activating via systemd: service name='org.gtk.vfs.Daemon' unit='gvfs-daemon.service' requested by ':1.18' (uid=1000 pid=1512 comm="/usr/bin/csd-color" label="unconfined")
2025-07-14T03:34:15.892667-04:00 daria-VirtualBox systemd[1255]: Starting gvfs-daemon.service - Virtual filesystem service...
2025-07-14T03:34:15.906906-04:00 daria-VirtualBox dbus-daemon[1278]: [session uid=1000 pid=1278] Successfully activated service 'org.gtk.vfs.Daemon'
2025-07-14T03:34:15.907679-04:00 daria-VirtualBox systemd[1255]: Started gvfs-daemon.service - Virtual filesystem service.
2025-07-14T03:34:15.984793-04:00 daria-VirtualBox dbus-daemon[1278]: [session uid=1000 pid=1278] Activating via systemd: service name='ca.desrt.dconf' unit='dconf.service' requested by ':1.16' (uid=1000 pid=1509 comm="/usr/bin/csd-a11y-settings" label="unconfined")
2025-07-14T03:34:15.998451-04:00 daria-VirtualBox systemd[1255]: Starting dconf.service - User preferences database...
2025-07-14T03:34:16.011860-04:00 daria-VirtualBox dbus-daemon[623]: [system] Activating via systemd: service name='org.freedesktop.ColorManager' unit='colord.service' requested by ':1.50' (uid=1000 pid=1512 comm="/usr/bin/csd-color" label="unconfined")
2025-07-14T03:34:16.014819-04:00 daria-VirtualBox dbus-daemon[1278]: [session uid=1000 pid=1278] Successfully activated service 'ca.desrt.dconf'
2025-07-14T03:34:16.028204-04:00 daria-VirtualBox systemd[1255]: Started dconf.service - User preferences database.
2025-07-14T03:34:16.028787-04:00 daria-VirtualBox systemd[1]: Starting colord.service - Manage, Install and Generate Color Profiles...
2025-07-14T03:34:16.087985-04:00 daria-VirtualBox colord[1587]: failed to get edid data: EDID length is too small
2025-07-14T03:34:16.093609-04:00 daria-VirtualBox dbus-daemon[623]: [system] Successfully activated service 'org.freedesktop.ColorManager'
2025-07-14T03:34:16.094015-04:00 daria-VirtualBox systemd[1]: Started colord.service - Manage, Install and Generate Color Profiles.
2025-07-14T03:34:16.203522-04:00 daria-VirtualBox dbus-daemon[1278]: [session uid=1000 pid=1278] Activating via systemd: service name='org.gtk.vfs.UDisks2VolumeMonitor' unit='gvfs-udisks2-volume-monitor.service' requested by ':1.31' (uid=1000 pid=1522 comm="/usr/bin/csd-automount" label="unconfined")
2025-07-14T03:34:16.225277-04:00 daria-VirtualBox systemd[1255]: Starting gvfs-udisks2-volume-monitor.service - Virtual filesystem service - disk device monitor...
2025-07-14T03:34:16.315709-04:00 daria-VirtualBox dbus-daemon[1278]: [session uid=1000 pid=1278] Successfully activated service 'org.gtk.vfs.UDisks2VolumeMonitor'
2025-07-14T03:34:16.316495-04:00 daria-VirtualBox systemd[1255]: Started gvfs-udisks2-volume-monitor.service - Virtual filesystem service - disk device monitor.
2025-07-14T03:34:16.407077-04:00 daria-VirtualBox dbus-daemon[1278]: [session uid=1000 pid=1278] Activating via systemd: service name='org.gtk.vfs.AfcVolumeMonitor' unit='gvfs-afc-volume-monitor.service' requested by ':1.31' (uid=1000 pid=1522 comm="/usr/bin/csd-automount" label="unconfined")
2025-07-14T03:34:16.430277-04:00 daria-VirtualBox systemd[1255]: Starting gvfs-afc-volume-monitor.service - Virtual filesystem service - Apple File Conduit monitor...
2025-07-14T03:34:16.450764-04:00 daria-VirtualBox dbus-daemon[1278]: [session uid=1000 pid=1278] Successfully activated service 'org.gtk.vfs.AfcVolumeMonitor'
2025-07-14T03:34:16.452911-04:00 daria-VirtualBox systemd[1255]: Started gvfs-afc-volume-monitor.service - Virtual filesystem service - Apple File Conduit monitor.
2025-07-14T03:34:16.467064-04:00 daria-VirtualBox dbus-daemon[1278]: [session uid=1000 pid=1278] Activating via systemd: service name='org.gtk.vfs.MTPVolumeMonitor' unit='gvfs-mtp-volume-monitor.service' requested by ':1.31' (uid=1000 pid=1522 comm="/usr/bin/csd-automount" label="unconfined")
2025-07-14T03:34:16.477844-04:00 daria-VirtualBox systemd[1255]: Starting gvfs-mtp-volume-monitor.service - Virtual filesystem service - Media Transfer Protocol monitor...
2025-07-14T03:34:16.487384-04:00 daria-VirtualBox dbus-daemon[1278]: [session uid=1000 pid=1278] Successfully activated service 'org.gtk.vfs.MTPVolumeMonitor'
2025-07-14T03:34:16.488020-04:00 daria-VirtualBox systemd[1255]: Started gvfs-mtp-volume-monitor.service - Virtual filesystem service - Media Transfer Protocol monitor.
2025-07-14T03:34:16.492914-04:00 daria-VirtualBox dbus-daemon[1278]: [session uid=1000 pid=1278] Activating via systemd: service name='org.gtk.vfs.GoaVolumeMonitor' unit='gvfs-goa-volume-monitor.service' requested by ':1.31' (uid=1000 pid=1522 comm="/usr/bin/csd-automount" label="unconfined")
2025-07-14T03:34:16.505149-04:00 daria-VirtualBox systemd[1255]: Starting gvfs-goa-volume-monitor.service - Virtual filesystem service - GNOME Online Accounts monitor...
2025-07-14T03:34:16.509435-04:00 daria-VirtualBox dbus-daemon[1278]: [session uid=1000 pid=1278] Activating service name='org.gnome.OnlineAccounts' requested by ':1.40' (uid=1000 pid=1661 comm="/usr/libexec/gvfs-goa-volume-monitor" label="unconfined")
2025-07-14T03:34:16.544562-04:00 daria-VirtualBox goa-daemon[1666]: goa-daemon version 3.50.4 starting
2025-07-14T03:34:16.564149-04:00 daria-VirtualBox dbus-daemon[1278]: [session uid=1000 pid=1278] Activating service name='org.gnome.Identity' requested by ':1.41' (uid=1000 pid=1666 comm="/usr/libexec/goa-daemon" label="unconfined")
2025-07-14T03:34:16.586010-04:00 daria-VirtualBox dbus-daemon[1278]: [session uid=1000 pid=1278] Successfully activated service 'org.gnome.Identity'
2025-07-14T03:34:16.593542-04:00 daria-VirtualBox dbus-daemon[1278]: [session uid=1000 pid=1278] Successfully activated service 'org.gnome.OnlineAccounts'
2025-07-14T03:34:16.602875-04:00 daria-VirtualBox dbus-daemon[1278]: [session uid=1000 pid=1278] Successfully activated service 'org.gtk.vfs.GoaVolumeMonitor'
2025-07-14T03:34:16.603023-04:00 daria-VirtualBox systemd[1255]: Started gvfs-goa-volume-monitor.service - Virtual filesystem service - GNOME Online Accounts monitor.
2025-07-14T03:34:16.624104-04:00 daria-VirtualBox dbus-daemon[1278]: [session uid=1000 pid=1278] Activating via systemd: service name='org.gtk.vfs.GPhoto2VolumeMonitor' unit='gvfs-gphoto2-volume-monitor.service' requested by ':1.31' (uid=1000 pid=1522 comm="/usr/bin/csd-automount" label="unconfined")
2025-07-14T03:34:16.645629-04:00 daria-VirtualBox systemd[1255]: Starting gvfs-gphoto2-volume-monitor.service - Virtual filesystem service - digital camera monitor...
2025-07-14T03:34:16.668330-04:00 daria-VirtualBox dbus-daemon[1278]: [session uid=1000 pid=1278] Successfully activated service 'org.gtk.vfs.GPhoto2VolumeMonitor'
2025-07-14T03:34:16.668674-04:00 daria-VirtualBox systemd[1255]: Started gvfs-gphoto2-volume-monitor.service - Virtual filesystem service - digital camera monitor.
2025-07-14T03:34:16.770109-04:00 daria-VirtualBox kernel: ISO 9660 Extensions: Microsoft Joliet Level 3
2025-07-14T03:34:16.771226-04:00 daria-VirtualBox kernel: ISO 9660 Extensions: RRIP_1991A
2025-07-14T03:34:16.772135-04:00 daria-VirtualBox udisksd[662]: Mounted /dev/sr0 at /media/daria/VBox_GAs_7.1.6 on behalf of uid 1000
2025-07-14T03:34:16.846919-04:00 daria-VirtualBox udisksd[662]: Error probing device: Error sending ATA command IDENTIFY PACKET DEVICE to '/dev/sr0': Unexpected sense data returned:#0120000: 00 00 00 00  00 00 00 00  00 00 00 00  00 00 00 00    ................#0120010: 00 00 00 00  00 00 00 00  00 00 00 00  00 00 00 00    ................#012 (g-io-error-quark, 0)
2025-07-14T03:34:17.774428-04:00 daria-VirtualBox NetworkManager[701]: <info>  [1752478457.7740] agent-manager: agent[01220de29a4b5910,:1.63/org.cinnamon.NetworkAgent/1000]: agent registered
2025-07-14T03:34:17.885829-04:00 daria-VirtualBox dbus-daemon[1278]: [session uid=1000 pid=1278] Activating service name='org.cinnamon.ScreenSaver' requested by ':1.14' (uid=1000 pid=1294 comm="/usr/lib/x86_64-linux-gnu/cinnamon-session-binary" label="unconfined")
2025-07-14T03:34:18.603644-04:00 daria-VirtualBox org.cinnamon.ScreenSaver[1750]: Loading AccountsService
2025-07-14T03:34:18.603896-04:00 daria-VirtualBox org.cinnamon.ScreenSaver[1750]: Fractional scaling active: False
2025-07-14T03:34:18.653749-04:00 daria-VirtualBox org.cinnamon.ScreenSaver[1750]: Trying to connect to logind...
2025-07-14T03:34:18.655454-04:00 daria-VirtualBox dbus-daemon[1278]: [session uid=1000 pid=1278] Successfully activated service 'org.cinnamon.ScreenSaver'
2025-07-14T03:34:18.656434-04:00 daria-VirtualBox org.cinnamon.ScreenSaver[1750]: Starting screensaver...
2025-07-14T03:34:18.724789-04:00 daria-VirtualBox cinnamon-killer-daemon: Bound Cinnamon restart to <Control><Alt>Escape.
2025-07-14T03:34:18.852494-04:00 daria-VirtualBox org.cinnamon.ScreenSaver[1750]: Cinnamon Screensaver support not found in current theme - adding some...
2025-07-14T03:34:18.917718-04:00 daria-VirtualBox org.cinnamon.ScreenSaver[1750]: Successfully using logind
2025-07-14T03:34:19.057421-04:00 daria-VirtualBox dbus-daemon[1278]: [session uid=1000 pid=1278] Activating via systemd: service name='org.gnome.evolution.dataserver.Sources5' unit='evolution-source-registry.service' requested by ':1.56' (uid=1000 pid=1746 comm="/usr/libexec/evolution-data-server/evolution-alarm" label="unconfined")
2025-07-14T03:34:19.069986-04:00 daria-VirtualBox systemd[1255]: Starting evolution-source-registry.service - Evolution source registry...
2025-07-14T03:34:19.223963-04:00 daria-VirtualBox dbus-daemon[1278]: [session uid=1000 pid=1278] Successfully activated service 'org.gnome.evolution.dataserver.Sources5'
2025-07-14T03:34:19.227225-04:00 daria-VirtualBox systemd[1255]: Started evolution-source-registry.service - Evolution source registry.
2025-07-14T03:34:19.436902-04:00 daria-VirtualBox dbus-daemon[1278]: [session uid=1000 pid=1278] Activating via systemd: service name='org.gnome.evolution.dataserver.Calendar8' unit='evolution-calendar-factory.service' requested by ':1.56' (uid=1000 pid=1746 comm="/usr/libexec/evolution-data-server/evolution-alarm" label="unconfined")
2025-07-14T03:34:19.456276-04:00 daria-VirtualBox systemd[1255]: Starting evolution-calendar-factory.service - Evolution calendar service...
2025-07-14T03:34:19.529273-04:00 daria-VirtualBox dbus-daemon[1278]: [session uid=1000 pid=1278] Successfully activated service 'org.gnome.evolution.dataserver.Calendar8'
2025-07-14T03:34:19.529894-04:00 daria-VirtualBox systemd[1255]: Started evolution-calendar-factory.service - Evolution calendar service.
2025-07-14T03:34:19.537565-04:00 daria-VirtualBox dbus-daemon[1278]: [session uid=1000 pid=1278] Activating via systemd: service name='org.gnome.evolution.dataserver.AddressBook10' unit='evolution-addressbook-factory.service' requested by ':1.62' (uid=1000 pid=1865 comm="/usr/libexec/evolution-calendar-factory" label="unconfined")
2025-07-14T03:34:19.545927-04:00 daria-VirtualBox systemd[1255]: Starting evolution-addressbook-factory.service - Evolution address book service...
2025-07-14T03:34:19.596096-04:00 daria-VirtualBox dbus-daemon[623]: [system] Activating via systemd: service name='org.bluez' unit='dbus-org.bluez.service' requested by ':1.71' (uid=1000 pid=1764 comm="/usr/bin/python3 /usr/bin/blueman-applet" label="unconfined")
2025-07-14T03:34:19.596332-04:00 daria-VirtualBox dbus-daemon[1278]: [session uid=1000 pid=1278] Activating via systemd: service name='org.bluez.obex' unit='obex.service' requested by ':1.53' (uid=1000 pid=1764 comm="/usr/bin/python3 /usr/bin/blueman-applet" label="unconfined")
2025-07-14T03:34:19.600205-04:00 daria-VirtualBox systemd[1]: bluetooth.service - Bluetooth service was skipped because of an unmet condition check (ConditionPathIsDirectory=/sys/class/bluetooth).
2025-07-14T03:34:19.616902-04:00 daria-VirtualBox systemd[1255]: Starting obex.service - Bluetooth OBEX service...
2025-07-14T03:34:19.635166-04:00 daria-VirtualBox dbus-daemon[1278]: [session uid=1000 pid=1278] Successfully activated service 'org.gnome.evolution.dataserver.AddressBook10'
2025-07-14T03:34:19.636249-04:00 daria-VirtualBox systemd[1255]: Started evolution-addressbook-factory.service - Evolution address book service.
2025-07-14T03:34:19.647644-04:00 daria-VirtualBox obexd[1890]: OBEX daemon 5.72
2025-07-14T03:34:19.649803-04:00 daria-VirtualBox dbus-daemon[1278]: [session uid=1000 pid=1278] Successfully activated service 'org.bluez.obex'
2025-07-14T03:34:19.650349-04:00 daria-VirtualBox systemd[1255]: Started obex.service - Bluetooth OBEX service.
2025-07-14T03:34:19.853868-04:00 daria-VirtualBox dbus-daemon[1278]: [session uid=1000 pid=1278] Activating service name='org.cinnamon.CalendarServer' requested by ':1.45' (uid=1000 pid=1702 comm="cinnamon --replace" label="unconfined")
2025-07-14T03:34:20.105909-04:00 daria-VirtualBox dbus-daemon[1278]: [session uid=1000 pid=1278] Successfully activated service 'org.cinnamon.CalendarServer'
2025-07-14T03:34:21.480262-04:00 daria-VirtualBox dbus-daemon[1278]: [session uid=1000 pid=1278] Activating via systemd: service name='org.gtk.vfs.Metadata' unit='gvfs-metadata.service' requested by ':1.50' (uid=1000 pid=1760 comm="/usr/bin/nemo-desktop" label="unconfined")
2025-07-14T03:34:21.494168-04:00 daria-VirtualBox systemd[1255]: Starting gvfs-metadata.service - Virtual filesystem metadata service...
2025-07-14T03:34:21.508239-04:00 daria-VirtualBox dbus-daemon[1278]: [session uid=1000 pid=1278] Successfully activated service 'org.gtk.vfs.Metadata'
2025-07-14T03:34:21.508288-04:00 daria-VirtualBox systemd[1255]: Started gvfs-metadata.service - Virtual filesystem metadata service.
2025-07-14T03:34:24.943603-04:00 daria-VirtualBox systemd[1]: Stopping user@113.service - User Manager for UID 113...
2025-07-14T03:34:24.948278-04:00 daria-VirtualBox systemd[1108]: Activating special unit exit.target...
2025-07-14T03:34:24.948336-04:00 daria-VirtualBox systemd[1108]: Stopped target default.target - Main User Target.
2025-07-14T03:34:24.948669-04:00 daria-VirtualBox systemd[1108]: Stopping at-spi-dbus-bus.service - Accessibility services bus...
2025-07-14T03:34:24.949644-04:00 daria-VirtualBox systemd[1108]: Stopping dbus.service - D-Bus User Message Bus...
2025-07-14T03:34:24.950148-04:00 daria-VirtualBox systemd[1108]: Stopping dconf.service - User preferences database...
2025-07-14T03:34:24.951088-04:00 daria-VirtualBox systemd[1108]: Stopping filter-chain.service - PipeWire filter chain daemon...
2025-07-14T03:34:24.951133-04:00 daria-VirtualBox systemd[1108]: Stopping gnome-keyring-daemon.service - GNOME Keyring daemon...
2025-07-14T03:34:24.952328-04:00 daria-VirtualBox systemd[1108]: Stopping gvfs-daemon.service - Virtual filesystem service...
2025-07-14T03:34:24.952432-04:00 daria-VirtualBox systemd[1108]: Stopping pipewire-pulse.service - PipeWire PulseAudio...
2025-07-14T03:34:24.956740-04:00 daria-VirtualBox systemd[1108]: Stopped gnome-keyring-daemon.service - GNOME Keyring daemon.
2025-07-14T03:34:24.957295-04:00 daria-VirtualBox at-spi-bus-launcher[1181]: Failed to launch bus: Bus exited with code 0
2025-07-14T03:34:24.958765-04:00 daria-VirtualBox systemd[1108]: Stopped dbus.service - D-Bus User Message Bus.
2025-07-14T03:34:24.959334-04:00 daria-VirtualBox systemd[1108]: Stopped dconf.service - User preferences database.
2025-07-14T03:34:24.959538-04:00 daria-VirtualBox systemd[1108]: Stopped filter-chain.service - PipeWire filter chain daemon.
2025-07-14T03:34:24.959582-04:00 daria-VirtualBox systemd[1108]: at-spi-dbus-bus.service: Main process exited, code=exited, status=1/FAILURE
2025-07-14T03:34:24.959668-04:00 daria-VirtualBox systemd[1108]: at-spi-dbus-bus.service: Failed with result 'exit-code'.
2025-07-14T03:34:24.959693-04:00 daria-VirtualBox systemd[1108]: Stopped at-spi-dbus-bus.service - Accessibility services bus.
2025-07-14T03:34:24.962354-04:00 daria-VirtualBox systemd[1108]: Stopped pipewire-pulse.service - PipeWire PulseAudio.
2025-07-14T03:34:24.962391-04:00 daria-VirtualBox systemd[1108]: Stopping wireplumber.service - Multimedia Service Session Manager...
2025-07-14T03:34:24.962876-04:00 daria-VirtualBox wireplumber[1124]: stopped by signal: Terminated
2025-07-14T03:34:24.963677-04:00 daria-VirtualBox wireplumber[1124]: disconnected from pipewire
2025-07-14T03:34:24.965318-04:00 daria-VirtualBox systemd[1]: run-user-113-gvfs.mount: Deactivated successfully.
2025-07-14T03:34:24.969254-04:00 daria-VirtualBox systemd[1108]: Stopped wireplumber.service - Multimedia Service Session Manager.
2025-07-14T03:34:24.969293-04:00 daria-VirtualBox systemd[1108]: Stopping pipewire.service - PipeWire Multimedia Service...
2025-07-14T03:34:24.970453-04:00 daria-VirtualBox systemd[1108]: Stopped gvfs-daemon.service - Virtual filesystem service.
2025-07-14T03:34:24.971170-04:00 daria-VirtualBox systemd[1108]: Stopped pipewire.service - PipeWire Multimedia Service.
2025-07-14T03:34:24.971798-04:00 daria-VirtualBox systemd[1108]: Removed slice session.slice - User Core Session Slice.
2025-07-14T03:34:24.971861-04:00 daria-VirtualBox systemd[1108]: Stopped target basic.target - Basic System.
2025-07-14T03:34:24.972693-04:00 daria-VirtualBox systemd[1108]: Stopped target paths.target - Paths.
2025-07-14T03:34:24.972932-04:00 daria-VirtualBox systemd[1108]: Stopped target sockets.target - Sockets.
2025-07-14T03:34:24.972958-04:00 daria-VirtualBox systemd[1108]: Stopped target timers.target - Timers.
2025-07-14T03:34:24.972974-04:00 daria-VirtualBox systemd[1108]: Stopped launchpadlib-cache-clean.timer - Clean up old files in the Launchpadlib cache.
2025-07-14T03:34:24.972990-04:00 daria-VirtualBox systemd[1108]: Closed dbus.socket - D-Bus User Message Bus Socket.
2025-07-14T03:34:24.973006-04:00 daria-VirtualBox systemd[1108]: Closed dirmngr.socket - GnuPG network certificate management daemon.
2025-07-14T03:34:24.973022-04:00 daria-VirtualBox systemd[1108]: Closed gcr-ssh-agent.socket - GCR ssh-agent wrapper.
2025-07-14T03:34:24.973038-04:00 daria-VirtualBox systemd[1108]: Closed gnome-keyring-daemon.socket - GNOME Keyring daemon.
2025-07-14T03:34:24.973054-04:00 daria-VirtualBox systemd[1108]: Closed gpg-agent-browser.socket - GnuPG cryptographic agent and passphrase cache (access for web browsers).
2025-07-14T03:34:24.973071-04:00 daria-VirtualBox systemd[1108]: Closed gpg-agent-extra.socket - GnuPG cryptographic agent and passphrase cache (restricted).
2025-07-14T03:34:24.980990-04:00 daria-VirtualBox systemd[1108]: Stopping gpg-agent-ssh.socket - GnuPG cryptographic agent (ssh-agent emulation)...
2025-07-14T03:34:24.981134-04:00 daria-VirtualBox systemd[1108]: Closed gpg-agent.socket - GnuPG cryptographic agent and passphrase cache.
2025-07-14T03:34:24.981162-04:00 daria-VirtualBox systemd[1108]: Closed keyboxd.socket - GnuPG public key management service.
2025-07-14T03:34:24.981180-04:00 daria-VirtualBox systemd[1108]: Closed pipewire-pulse.socket - PipeWire PulseAudio.
2025-07-14T03:34:24.981196-04:00 daria-VirtualBox systemd[1108]: Closed pipewire.socket - PipeWire Multimedia System Sockets.
2025-07-14T03:34:24.981213-04:00 daria-VirtualBox systemd[1108]: Closed pk-debconf-helper.socket - debconf communication socket.
2025-07-14T03:34:24.981228-04:00 daria-VirtualBox systemd[1108]: Closed speech-dispatcher.socket - Speech Dispatcher Socket.
2025-07-14T03:34:25.002362-04:00 daria-VirtualBox systemd[1108]: Closed gpg-agent-ssh.socket - GnuPG cryptographic agent (ssh-agent emulation).
2025-07-14T03:34:25.002849-04:00 daria-VirtualBox systemd[1108]: Removed slice app.slice - User Application Slice.
2025-07-14T03:34:25.002974-04:00 daria-VirtualBox systemd[1108]: Reached target shutdown.target - Shutdown.
2025-07-14T03:34:25.003255-04:00 daria-VirtualBox systemd[1108]: Finished systemd-exit.service - Exit the Session.
2025-07-14T03:34:25.003412-04:00 daria-VirtualBox systemd[1108]: Reached target exit.target - Exit the Session.
2025-07-14T03:34:25.019856-04:00 daria-VirtualBox systemd[1]: user@113.service: Deactivated successfully.
2025-07-14T03:34:25.020377-04:00 daria-VirtualBox systemd[1]: Stopped user@113.service - User Manager for UID 113.
2025-07-14T03:34:25.021165-04:00 daria-VirtualBox systemd[1]: user@113.service: Consumed 1.105s CPU time.
2025-07-14T03:34:25.032067-04:00 daria-VirtualBox systemd[1]: Stopping user-runtime-dir@113.service - User Runtime Directory /run/user/113...
2025-07-14T03:34:25.039196-04:00 daria-VirtualBox systemd[1]: run-user-113.mount: Deactivated successfully.
2025-07-14T03:34:25.039577-04:00 daria-VirtualBox systemd[1]: user-runtime-dir@113.service: Deactivated successfully.
2025-07-14T03:34:25.040709-04:00 daria-VirtualBox systemd[1]: Stopped user-runtime-dir@113.service - User Runtime Directory /run/user/113.
2025-07-14T03:34:25.042540-04:00 daria-VirtualBox systemd[1]: Removed slice user-113.slice - User Slice of UID 113.
2025-07-14T03:34:25.042836-04:00 daria-VirtualBox systemd[1]: user-113.slice: Consumed 3.131s CPU time.
2025-07-14T03:34:25.803418-04:00 daria-VirtualBox dbus-daemon[1278]: [session uid=1000 pid=1278] Activating via systemd: service name='org.gnome.Terminal' unit='gnome-terminal-server.service' requested by ':1.73' (uid=1000 pid=1979 comm="/usr/bin/gnome-terminal.real" label="unconfined")
2025-07-14T03:34:25.805964-04:00 daria-VirtualBox systemd[1255]: Created slice app-org.gnome.Terminal.slice - Slice /app/org.gnome.Terminal.
2025-07-14T03:34:25.813422-04:00 daria-VirtualBox systemd[1255]: Starting gnome-terminal-server.service - GNOME Terminal Server...
2025-07-14T03:34:25.874258-04:00 daria-VirtualBox dbus-daemon[1278]: [session uid=1000 pid=1278] Activating via systemd: service name='org.freedesktop.portal.Desktop' unit='xdg-desktop-portal.service' requested by ':1.74' (uid=1000 pid=1983 comm="/usr/libexec/gnome-terminal-server" label="unconfined")
2025-07-14T03:34:25.908694-04:00 daria-VirtualBox systemd[1255]: Starting xdg-desktop-portal.service - Portal service...
2025-07-14T03:34:25.967008-04:00 daria-VirtualBox dbus-daemon[1278]: [session uid=1000 pid=1278] Activating via systemd: service name='org.freedesktop.portal.Documents' unit='xdg-document-portal.service' requested by ':1.75' (uid=1000 pid=1988 comm="/usr/libexec/xdg-desktop-portal" label="unconfined")
2025-07-14T03:34:25.987390-04:00 daria-VirtualBox systemd[1255]: Starting xdg-document-portal.service - flatpak document portal service...
2025-07-14T03:34:25.997242-04:00 daria-VirtualBox dbus-daemon[1278]: [session uid=1000 pid=1278] Activating via systemd: service name='org.freedesktop.impl.portal.PermissionStore' unit='xdg-permission-store.service' requested by ':1.76' (uid=1000 pid=1993 comm="/usr/libexec/xdg-document-portal" label="unconfined")
2025-07-14T03:34:26.011125-04:00 daria-VirtualBox systemd[1255]: Starting xdg-permission-store.service - sandboxed app permission store...
2025-07-14T03:34:26.015275-04:00 daria-VirtualBox dbus-daemon[1278]: [session uid=1000 pid=1278] Successfully activated service 'org.freedesktop.impl.portal.PermissionStore'
2025-07-14T03:34:26.019026-04:00 daria-VirtualBox systemd[1255]: Started xdg-permission-store.service - sandboxed app permission store.
2025-07-14T03:34:26.022103-04:00 daria-VirtualBox dbus-daemon[1278]: [session uid=1000 pid=1278] Successfully activated service 'org.freedesktop.portal.Documents'
2025-07-14T03:34:26.023500-04:00 daria-VirtualBox systemd[1255]: Started xdg-document-portal.service - flatpak document portal service.
2025-07-14T03:34:26.027247-04:00 daria-VirtualBox xdg-document-portal[1993]: Ignoring invalid max threads value 4294967295 > max (100000).
2025-07-14T03:34:26.028900-04:00 daria-VirtualBox dbus-daemon[1278]: [session uid=1000 pid=1278] Activating via systemd: service name='org.freedesktop.impl.portal.desktop.xapp' unit='xdg-desktop-portal-xapp.service' requested by ':1.75' (uid=1000 pid=1988 comm="/usr/libexec/xdg-desktop-portal" label="unconfined")
2025-07-14T03:34:26.041879-04:00 daria-VirtualBox systemd[1255]: Starting xdg-desktop-portal-xapp.service - Portal service (XApp implementation)...
2025-07-14T03:34:26.063837-04:00 daria-VirtualBox dbus-daemon[1278]: [session uid=1000 pid=1278] Successfully activated service 'org.freedesktop.impl.portal.desktop.xapp'
2025-07-14T03:34:26.064153-04:00 daria-VirtualBox systemd[1255]: Started xdg-desktop-portal-xapp.service - Portal service (XApp implementation).
2025-07-14T03:34:26.086692-04:00 daria-VirtualBox rtkit-daemon[1134]: Supervising 7 threads of 4 processes of 1 users.
2025-07-14T03:34:26.087904-04:00 daria-VirtualBox rtkit-daemon[1134]: message repeated 2 times: [ Supervising 7 threads of 4 processes of 1 users.]
2025-07-14T03:34:26.089955-04:00 daria-VirtualBox dbus-daemon[1278]: [session uid=1000 pid=1278] Activating via systemd: service name='org.freedesktop.impl.portal.desktop.gtk' unit='xdg-desktop-portal-gtk.service' requested by ':1.75' (uid=1000 pid=1988 comm="/usr/libexec/xdg-desktop-portal" label="unconfined")
2025-07-14T03:34:26.098962-04:00 daria-VirtualBox systemd[1255]: Starting xdg-desktop-portal-gtk.service - Portal service (GTK/GNOME implementation)...
2025-07-14T03:34:26.172148-04:00 daria-VirtualBox dbus-daemon[1278]: [session uid=1000 pid=1278] Successfully activated service 'org.freedesktop.impl.portal.desktop.gtk'
2025-07-14T03:34:26.172641-04:00 daria-VirtualBox systemd[1255]: Started xdg-desktop-portal-gtk.service - Portal service (GTK/GNOME implementation).
2025-07-14T03:34:26.209261-04:00 daria-VirtualBox dbus-daemon[1278]: [session uid=1000 pid=1278] Successfully activated service 'org.freedesktop.portal.Desktop'
2025-07-14T03:34:26.210767-04:00 daria-VirtualBox systemd[1255]: Started xdg-desktop-portal.service - Portal service.
2025-07-14T03:34:26.284195-04:00 daria-VirtualBox dbus-daemon[1278]: [session uid=1000 pid=1278] Successfully activated service 'org.gnome.Terminal'
2025-07-14T03:34:26.284597-04:00 daria-VirtualBox systemd[1255]: Started gnome-terminal-server.service - GNOME Terminal Server.
2025-07-14T03:34:26.393893-04:00 daria-VirtualBox systemd[1255]: Started vte-spawn-6a09988e-7944-477f-8108-3f88fd23cc33.scope - VTE child process 2027 launched by gnome-terminal-server process 1983.
2025-07-14T03:34:40.402458-04:00 daria-VirtualBox org.cinnamon.CalendarServer[1902]: SET TIME: from 2025-06-29T00:00:00-04 to 2025-08-09T23:59:59-04
2025-07-14T03:34:40.402637-04:00 daria-VirtualBox org.cinnamon.CalendarServer[1902]: Discovered calendar:  Birthdays & Anniversaries
2025-07-14T03:34:40.402646-04:00 daria-VirtualBox org.cinnamon.CalendarServer[1902]: Discovered calendar:  Personal
2025-07-14T03:34:40.402662-04:00 daria-VirtualBox org.cinnamon.CalendarServer[1902]: SET TIME: from 2025-06-29T00:00:00-04 to 2025-08-09T23:59:59-04
2025-07-14T03:34:56.066061-04:00 daria-VirtualBox org.cinnamon.ScreenSaver[1750]: AccountsService ready
2025-07-14T03:38:40.132486-04:00 daria-VirtualBox anacron[619]: Job `cron.daily' started
2025-07-14T03:38:40.155731-04:00 daria-VirtualBox anacron[2120]: Updated timestamp for job `cron.daily' to 2025-07-14
2025-07-14T03:38:40.213914-04:00 daria-VirtualBox anacron[619]: Job `cron.daily' terminated
2025-07-14T03:38:40.214049-04:00 daria-VirtualBox anacron[619]: Normal exit (1 job run)
2025-07-14T03:38:40.214397-04:00 daria-VirtualBox systemd[1]: anacron.service: Deactivated successfully.
2025-07-14T03:39:29.939499-04:00 daria-VirtualBox systemd[1255]: launchpadlib-cache-clean.service - Clean up old files in the Launchpadlib cache was skipped because of an unmet condition check (ConditionPathExists=/home/daria/.launchpadlib/api.launchpad.net/cache).
2025-07-14T03:48:29.949159-04:00 daria-VirtualBox systemd[1]: Starting systemd-tmpfiles-clean.service - Cleanup of Temporary Directories...
2025-07-14T03:48:30.004111-04:00 daria-VirtualBox systemd[1]: systemd-tmpfiles-clean.service: Deactivated successfully.
2025-07-14T03:48:30.005234-04:00 daria-VirtualBox systemd[1]: Finished systemd-tmpfiles-clean.service - Cleanup of Temporary Directories.
2025-07-14T03:50:59.462266-04:00 daria-VirtualBox systemd[1]: Starting fstrim.service - Discard unused blocks on filesystems from /etc/fstab...
2025-07-14T03:50:59.503098-04:00 daria-VirtualBox systemd[1]: fstrim.service: Deactivated successfully.
2025-07-14T03:50:59.503715-04:00 daria-VirtualBox systemd[1]: Finished fstrim.service - Discard unused blocks on filesystems from /etc/fstab.
2025-07-14T03:53:16.883532-04:00 daria-VirtualBox dbus-daemon[1278]: [session uid=1000 pid=1278] Activating service name='org.cinnamon.ScreenSaver' requested by ':1.85' (uid=1000 pid=2143 comm="/usr/bin/python3 /usr/share/cinnamon-screensaver/c" label="unconfined")
2025-07-14T03:53:17.149538-04:00 daria-VirtualBox org.cinnamon.ScreenSaver[2150]: Loading AccountsService
2025-07-14T03:53:17.149839-04:00 daria-VirtualBox org.cinnamon.ScreenSaver[2150]: Fractional scaling active: False
2025-07-14T03:53:17.161594-04:00 daria-VirtualBox org.cinnamon.ScreenSaver[2150]: Trying to connect to logind...
2025-07-14T03:53:17.162855-04:00 daria-VirtualBox dbus-daemon[1278]: [session uid=1000 pid=1278] Successfully activated service 'org.cinnamon.ScreenSaver'
2025-07-14T03:53:17.163672-04:00 daria-VirtualBox org.cinnamon.ScreenSaver[2150]: Starting screensaver...
2025-07-14T03:53:17.242609-04:00 daria-VirtualBox org.cinnamon.ScreenSaver[2150]: Cinnamon Screensaver support not found in current theme - adding some...
2025-07-14T03:53:17.519523-04:00 daria-VirtualBox org.cinnamon.ScreenSaver[2150]: AccountsService ready
2025-07-14T03:53:17.519625-04:00 daria-VirtualBox org.cinnamon.ScreenSaver[2150]: Successfully using logind
2025-07-14T04:17:01.221896-04:00 daria-VirtualBox CRON[2194]: (root) CMD (cd / && run-parts --report /etc/cron.hourly)
2025-07-14T04:25:29.952096-04:00 daria-VirtualBox systemd[1]: Starting fwupd-refresh.service - Refresh fwupd metadata and update motd...
2025-07-14T04:25:30.020821-04:00 daria-VirtualBox dbus-daemon[623]: [system] Activating via systemd: service name='org.freedesktop.fwupd' unit='fwupd.service' requested by ':1.81' (uid=988 pid=2198 comm="/usr/bin/fwupdmgr refresh" label="unconfined")
2025-07-14T04:25:30.029862-04:00 daria-VirtualBox systemd[1]: Starting fwupd.service - Firmware update daemon...
2025-07-14T04:25:30.207417-04:00 daria-VirtualBox dbus-daemon[623]: [system] Activating via systemd: service name='org.bluez' unit='dbus-org.bluez.service' requested by ':1.82' (uid=0 pid=2204 comm="/usr/libexec/fwupd/fwupd" label="unconfined")
2025-07-14T04:25:30.208771-04:00 daria-VirtualBox systemd[1]: bluetooth.service - Bluetooth service was skipped because of an unmet condition check (ConditionPathIsDirectory=/sys/class/bluetooth).
2025-07-14T04:25:31.779920-04:00 daria-VirtualBox fwupd[2204]: 08:25:31.779 FuMain               Daemon ready for requests (locale en_US.UTF-8)
2025-07-14T04:25:31.782450-04:00 daria-VirtualBox dbus-daemon[623]: [system] Successfully activated service 'org.freedesktop.fwupd'
2025-07-14T04:25:31.782554-04:00 daria-VirtualBox systemd[1]: Started fwupd.service - Firmware update daemon.
2025-07-14T04:25:31.834468-04:00 daria-VirtualBox fwupdmgr[2198]: Updating lvfs
2025-07-14T04:25:48.380473-04:00 daria-VirtualBox fwupdmgr[2198]: Successfully downloaded new metadata: 0 local devices supported
2025-07-14T04:25:48.382180-04:00 daria-VirtualBox systemd[1]: fwupd-refresh.service: Deactivated successfully.
2025-07-14T04:25:48.382462-04:00 daria-VirtualBox systemd[1]: Finished fwupd-refresh.service - Refresh fwupd metadata and update motd.
2025-07-14T04:58:29.948886-04:00 daria-VirtualBox systemd[1]: Starting apt-daily.service - Daily apt download activities...
2025-07-14T04:58:30.523345-04:00 daria-VirtualBox systemd[1]: apt-daily.service: Deactivated successfully.
2025-07-14T04:58:30.523969-04:00 daria-VirtualBox systemd[1]: Finished apt-daily.service - Daily apt download activities.
2025-07-14T05:10:29.951146-04:00 daria-VirtualBox systemd[1]: Starting fwupd-refresh.service - Refresh fwupd metadata and update motd...
2025-07-14T05:10:30.101093-04:00 daria-VirtualBox systemd[1]: fwupd-refresh.service: Deactivated successfully.
2025-07-14T05:10:30.101844-04:00 daria-VirtualBox systemd[1]: Finished fwupd-refresh.service - Refresh fwupd metadata and update motd.
2025-07-14T05:17:01.354474-04:00 daria-VirtualBox CRON[2326]: (root) CMD (cd / && run-parts --report /etc/cron.hourly)
                                                                                                               2025-07-17T01:34:02.349467-04:00 daria-VirtualBox kernel: Linux version 6.8.0-51-generic (buildd@lcy02-amd64-091) (x86_64-linux-gnu-gcc-13 (Ubuntu 13.3.0-6ubuntu2~24.04) 13.3.0, GNU ld (GNU Binutils for Ubuntu) 2.42) #52-Ubuntu SMP PREEMPT_DYNAMIC Thu Dec  5 13:09:44 UTC 2024 (Ubuntu 6.8.0-51.52-generic 6.8.12)
2025-07-17T01:34:02.361408-04:00 daria-VirtualBox kernel: Command line: BOOT_IMAGE=/boot/vmlinuz-6.8.0-51-generic root=UUID=4c27a000-2fbb-436e-9bca-15a8acaf6a2b ro quiet splash
2025-07-17T01:34:02.361414-04:00 daria-VirtualBox kernel: KERNEL supported cpus:
2025-07-17T01:34:02.361414-04:00 daria-VirtualBox kernel:   Intel GenuineIntel
2025-07-17T01:34:02.361415-04:00 daria-VirtualBox kernel:   AMD AuthenticAMD
2025-07-17T01:34:02.361415-04:00 daria-VirtualBox kernel:   Hygon HygonGenuine
2025-07-17T01:34:02.361416-04:00 daria-VirtualBox kernel:   Centaur CentaurHauls
2025-07-17T01:34:02.361418-04:00 daria-VirtualBox kernel:   zhaoxin   Shanghai  
2025-07-17T01:34:02.361419-04:00 daria-VirtualBox kernel: BIOS-provided physical RAM map:
2025-07-17T01:34:02.361419-04:00 daria-VirtualBox kernel: BIOS-e820: [mem 0x0000000000000000-0x000000000009fbff] usable
2025-07-17T01:34:02.361420-04:00 daria-VirtualBox kernel: BIOS-e820: [mem 0x000000000009fc00-0x000000000009ffff] reserved
2025-07-17T01:34:02.361420-04:00 daria-VirtualBox kernel: BIOS-e820: [mem 0x00000000000f0000-0x00000000000fffff] reserved
2025-07-17T01:34:02.361421-04:00 daria-VirtualBox kernel: BIOS-e820: [mem 0x0000000000100000-0x00000000dffeffff] usable
2025-07-17T01:34:02.361423-04:00 daria-VirtualBox kernel: BIOS-e820: [mem 0x00000000dfff0000-0x00000000dfffffff] ACPI data
2025-07-17T01:34:02.361424-04:00 daria-VirtualBox kernel: BIOS-e820: [mem 0x00000000fec00000-0x00000000fec00fff] reserved
2025-07-17T01:34:02.361424-04:00 daria-VirtualBox kernel: BIOS-e820: [mem 0x00000000fee00000-0x00000000fee00fff] reserved
2025-07-17T01:34:02.361424-04:00 daria-VirtualBox kernel: BIOS-e820: [mem 0x00000000fffc0000-0x00000000ffffffff] reserved
2025-07-17T01:34:02.361425-04:00 daria-VirtualBox kernel: BIOS-e820: [mem 0x0000000100000000-0x000000011fffffff] usable
2025-07-17T01:34:02.361425-04:00 daria-VirtualBox kernel: NX (Execute Disable) protection: active
2025-07-17T01:34:02.361427-04:00 daria-VirtualBox kernel: APIC: Static calls initialized
2025-07-17T01:34:02.361428-04:00 daria-VirtualBox kernel: SMBIOS 2.5 present.
2025-07-17T01:34:02.361428-04:00 daria-VirtualBox kernel: DMI: innotek GmbH VirtualBox/VirtualBox, BIOS VirtualBox 12/01/2006
2025-07-17T01:34:02.361429-04:00 daria-VirtualBox kernel: Hypervisor detected: KVM
2025-07-17T01:34:02.361429-04:00 daria-VirtualBox kernel: kvm-clock: Using msrs 4b564d01 and 4b564d00
2025-07-17T01:34:02.361429-04:00 daria-VirtualBox kernel: kvm-clock: using sched offset of 9972922212 cycles
2025-07-17T01:34:02.361430-04:00 daria-VirtualBox kernel: clocksource: kvm-clock: mask: 0xffffffffffffffff max_cycles: 0x1cd42e4dffb, max_idle_ns: 881590591483 ns
2025-07-17T01:34:02.361432-04:00 daria-VirtualBox kernel: tsc: Detected 3110.398 MHz processor
2025-07-17T01:34:02.361433-04:00 daria-VirtualBox kernel: e820: update [mem 0x00000000-0x00000fff] usable ==> reserved
2025-07-17T01:34:02.361433-04:00 daria-VirtualBox kernel: e820: remove [mem 0x000a0000-0x000fffff] usable
2025-07-17T01:34:02.361433-04:00 daria-VirtualBox kernel: last_pfn = 0x120000 max_arch_pfn = 0x400000000
2025-07-17T01:34:02.361434-04:00 daria-VirtualBox kernel: MTRR map: 3 entries (3 fixed + 0 variable; max 19), built from 8 variable MTRRs
2025-07-17T01:34:02.361434-04:00 daria-VirtualBox kernel: x86/PAT: Configuration [0-7]: WB  WC  UC- UC  WB  WP  UC- WT  
2025-07-17T01:34:02.361436-04:00 daria-VirtualBox kernel: CPU MTRRs all blank - virtualized system.
2025-07-17T01:34:02.361437-04:00 daria-VirtualBox kernel: last_pfn = 0xdfff0 max_arch_pfn = 0x400000000
2025-07-17T01:34:02.361437-04:00 daria-VirtualBox kernel: found SMP MP-table at [mem 0x0009fbf0-0x0009fbff]
2025-07-17T01:34:02.361437-04:00 daria-VirtualBox kernel: RAMDISK: [mem 0x2f2d5000-0x33961fff]
2025-07-17T01:34:02.361438-04:00 daria-VirtualBox kernel: ACPI: Early table checksum verification disabled
2025-07-17T01:34:02.361438-04:00 daria-VirtualBox kernel: ACPI: RSDP 0x00000000000E0000 000024 (v02 VBOX  )
2025-07-17T01:34:02.361440-04:00 daria-VirtualBox kernel: ACPI: XSDT 0x00000000DFFF0030 00003C (v01 VBOX   VBOXXSDT 00000001 ASL  00000061)
2025-07-17T01:34:02.361441-04:00 daria-VirtualBox kernel: ACPI: FACP 0x00000000DFFF00F0 0000F4 (v04 VBOX   VBOXFACP 00000001 ASL  00000061)
2025-07-17T01:34:02.361441-04:00 daria-VirtualBox kernel: ACPI: DSDT 0x00000000DFFF0610 002353 (v02 VBOX   VBOXBIOS 00000002 INTL 20100528)
2025-07-17T01:34:02.361442-04:00 daria-VirtualBox kernel: ACPI: FACS 0x00000000DFFF0200 000040
2025-07-17T01:34:02.361442-04:00 daria-VirtualBox kernel: ACPI: FACS 0x00000000DFFF0200 000040
2025-07-17T01:34:02.361445-04:00 daria-VirtualBox kernel: ACPI: APIC 0x00000000DFFF0240 00005C (v02 VBOX   VBOXAPIC 00000001 ASL  00000061)
2025-07-17T01:34:02.361445-04:00 daria-VirtualBox kernel: ACPI: SSDT 0x00000000DFFF02A0 00036C (v01 VBOX   VBOXCPUT 00000002 INTL 20100528)
2025-07-17T01:34:02.361448-04:00 daria-VirtualBox kernel: ACPI: Reserving FACP table memory at [mem 0xdfff00f0-0xdfff01e3]
2025-07-17T01:34:02.361448-04:00 daria-VirtualBox kernel: ACPI: Reserving DSDT table memory at [mem 0xdfff0610-0xdfff2962]
2025-07-17T01:34:02.361449-04:00 daria-VirtualBox kernel: ACPI: Reserving FACS table memory at [mem 0xdfff0200-0xdfff023f]
2025-07-17T01:34:02.361449-04:00 daria-VirtualBox kernel: ACPI: Reserving FACS table memory at [mem 0xdfff0200-0xdfff023f]
2025-07-17T01:34:02.361450-04:00 daria-VirtualBox kernel: ACPI: Reserving APIC table memory at [mem 0xdfff0240-0xdfff029b]
2025-07-17T01:34:02.361451-04:00 daria-VirtualBox kernel: ACPI: Reserving SSDT table memory at [mem 0xdfff02a0-0xdfff060b]
2025-07-17T01:34:02.361453-04:00 daria-VirtualBox kernel: No NUMA configuration found
2025-07-17T01:34:02.361453-04:00 daria-VirtualBox kernel: Faking a node at [mem 0x0000000000000000-0x000000011fffffff]
2025-07-17T01:34:02.361454-04:00 daria-VirtualBox kernel: NODE_DATA(0) allocated [mem 0x11ffd1000-0x11fffbfff]
2025-07-17T01:34:02.361454-04:00 daria-VirtualBox kernel: Zone ranges:
2025-07-17T01:34:02.361454-04:00 daria-VirtualBox kernel:   DMA      [mem 0x0000000000001000-0x0000000000ffffff]
2025-07-17T01:34:02.361455-04:00 daria-VirtualBox kernel:   DMA32    [mem 0x0000000001000000-0x00000000ffffffff]
2025-07-17T01:34:02.361457-04:00 daria-VirtualBox kernel:   Normal   [mem 0x0000000100000000-0x000000011fffffff]
2025-07-17T01:34:02.361458-04:00 daria-VirtualBox kernel:   Device   empty
2025-07-17T01:34:02.361458-04:00 daria-VirtualBox kernel: Movable zone start for each node
2025-07-17T01:34:02.361458-04:00 daria-VirtualBox kernel: Early memory node ranges
2025-07-17T01:34:02.361459-04:00 daria-VirtualBox kernel:   node   0: [mem 0x0000000000001000-0x000000000009efff]
2025-07-17T01:34:02.361459-04:00 daria-VirtualBox kernel:   node   0: [mem 0x0000000000100000-0x00000000dffeffff]
2025-07-17T01:34:02.361460-04:00 daria-VirtualBox kernel:   node   0: [mem 0x0000000100000000-0x000000011fffffff]
2025-07-17T01:34:02.361462-04:00 daria-VirtualBox kernel: Initmem setup node 0 [mem 0x0000000000001000-0x000000011fffffff]
2025-07-17T01:34:02.361462-04:00 daria-VirtualBox kernel: On node 0, zone DMA: 1 pages in unavailable ranges
2025-07-17T01:34:02.361463-04:00 daria-VirtualBox kernel: On node 0, zone DMA: 97 pages in unavailable ranges
2025-07-17T01:34:02.361463-04:00 daria-VirtualBox kernel: On node 0, zone Normal: 16 pages in unavailable ranges
2025-07-17T01:34:02.361464-04:00 daria-VirtualBox kernel: ACPI: PM-Timer IO Port: 0x4008
2025-07-17T01:34:02.361464-04:00 daria-VirtualBox kernel: IOAPIC[0]: apic_id 2, version 32, address 0xfec00000, GSI 0-23
2025-07-17T01:34:02.361466-04:00 daria-VirtualBox kernel: ACPI: INT_SRC_OVR (bus 0 bus_irq 0 global_irq 2 dfl dfl)
2025-07-17T01:34:02.361467-04:00 daria-VirtualBox kernel: ACPI: INT_SRC_OVR (bus 0 bus_irq 9 global_irq 9 low level)
2025-07-17T01:34:02.361467-04:00 daria-VirtualBox kernel: ACPI: Using ACPI (MADT) for SMP configuration information
2025-07-17T01:34:02.361467-04:00 daria-VirtualBox kernel: smpboot: Allowing 2 CPUs, 0 hotplug CPUs
2025-07-17T01:34:02.361468-04:00 daria-VirtualBox kernel: PM: hibernation: Registered nosave memory: [mem 0x00000000-0x00000fff]
2025-07-17T01:34:02.361468-04:00 daria-VirtualBox kernel: PM: hibernation: Registered nosave memory: [mem 0x0009f000-0x0009ffff]
2025-07-17T01:34:02.361470-04:00 daria-VirtualBox kernel: PM: hibernation: Registered nosave memory: [mem 0x000a0000-0x000effff]
2025-07-17T01:34:02.361471-04:00 daria-VirtualBox kernel: PM: hibernation: Registered nosave memory: [mem 0x000f0000-0x000fffff]
2025-07-17T01:34:02.361471-04:00 daria-VirtualBox kernel: PM: hibernation: Registered nosave memory: [mem 0xdfff0000-0xdfffffff]
2025-07-17T01:34:02.361472-04:00 daria-VirtualBox kernel: PM: hibernation: Registered nosave memory: [mem 0xe0000000-0xfebfffff]
2025-07-17T01:34:02.361472-04:00 daria-VirtualBox kernel: PM: hibernation: Registered nosave memory: [mem 0xfec00000-0xfec00fff]
2025-07-17T01:34:02.361473-04:00 daria-VirtualBox kernel: PM: hibernation: Registered nosave memory: [mem 0xfec01000-0xfedfffff]
2025-07-17T01:34:02.361473-04:00 daria-VirtualBox kernel: PM: hibernation: Registered nosave memory: [mem 0xfee00000-0xfee00fff]
2025-07-17T01:34:02.361475-04:00 daria-VirtualBox kernel: PM: hibernation: Registered nosave memory: [mem 0xfee01000-0xfffbffff]
2025-07-17T01:34:02.361475-04:00 daria-VirtualBox kernel: PM: hibernation: Registered nosave memory: [mem 0xfffc0000-0xffffffff]
2025-07-17T01:34:02.361476-04:00 daria-VirtualBox kernel: [mem 0xe0000000-0xfebfffff] available for PCI devices
2025-07-17T01:34:02.361476-04:00 daria-VirtualBox kernel: Booting paravirtualized kernel on KVM
2025-07-17T01:34:02.361477-04:00 daria-VirtualBox kernel: clocksource: refined-jiffies: mask: 0xffffffff max_cycles: 0xffffffff, max_idle_ns: 1910969940391419 ns
2025-07-17T01:34:02.361477-04:00 daria-VirtualBox kernel: setup_percpu: NR_CPUS:8192 nr_cpumask_bits:2 nr_cpu_ids:2 nr_node_ids:1
2025-07-17T01:34:02.361481-04:00 daria-VirtualBox kernel: percpu: Embedded 86 pages/cpu s229376 r8192 d114688 u1048576
2025-07-17T01:34:02.361481-04:00 daria-VirtualBox kernel: pcpu-alloc: s229376 r8192 d114688 u1048576 alloc=1*2097152
2025-07-17T01:34:02.361482-04:00 daria-VirtualBox kernel: pcpu-alloc: [0] 0 1 
2025-07-17T01:34:02.361482-04:00 daria-VirtualBox kernel: kvm-guest: PV spinlocks enabled
2025-07-17T01:34:02.361482-04:00 daria-VirtualBox kernel: PV qspinlock hash table entries: 256 (order: 0, 4096 bytes, linear)
2025-07-17T01:34:02.361483-04:00 daria-VirtualBox kernel: Kernel command line: BOOT_IMAGE=/boot/vmlinuz-6.8.0-51-generic root=UUID=4c27a000-2fbb-436e-9bca-15a8acaf6a2b ro quiet splash
2025-07-17T01:34:02.361485-04:00 daria-VirtualBox kernel: Unknown kernel command line parameters "splash BOOT_IMAGE=/boot/vmlinuz-6.8.0-51-generic", will be passed to user space.
2025-07-17T01:34:02.361486-04:00 daria-VirtualBox kernel: random: crng init done
2025-07-17T01:34:02.361486-04:00 daria-VirtualBox kernel: Dentry cache hash table entries: 524288 (order: 10, 4194304 bytes, linear)
2025-07-17T01:34:02.361486-04:00 daria-VirtualBox kernel: Inode-cache hash table entries: 262144 (order: 9, 2097152 bytes, linear)
2025-07-17T01:34:02.361487-04:00 daria-VirtualBox kernel: Fallback order for Node 0: 0 
2025-07-17T01:34:02.361487-04:00 daria-VirtualBox kernel: Built 1 zonelists, mobility grouping on.  Total pages: 1031920
2025-07-17T01:34:02.361489-04:00 daria-VirtualBox kernel: Policy zone: Normal
2025-07-17T01:34:02.361489-04:00 daria-VirtualBox kernel: mem auto-init: stack:all(zero), heap alloc:on, heap free:off
2025-07-17T01:34:02.361490-04:00 daria-VirtualBox kernel: software IO TLB: area num 2.
2025-07-17T01:34:02.361490-04:00 daria-VirtualBox kernel: Memory: 3930516K/4193848K available (22528K kernel code, 4442K rwdata, 14332K rodata, 4976K init, 4732K bss, 263072K reserved, 0K cma-reserved)
2025-07-17T01:34:02.361491-04:00 daria-VirtualBox kernel: SLUB: HWalign=64, Order=0-3, MinObjects=0, CPUs=2, Nodes=1
2025-07-17T01:34:02.361537-04:00 daria-VirtualBox kernel: ftrace: allocating 57955 entries in 227 pages
2025-07-17T01:34:02.361539-04:00 daria-VirtualBox kernel: ftrace: allocated 227 pages with 5 groups
2025-07-17T01:34:02.361540-04:00 daria-VirtualBox kernel: Dynamic Preempt: voluntary
2025-07-17T01:34:02.361540-04:00 daria-VirtualBox kernel: rcu: Preemptible hierarchical RCU implementation.
2025-07-17T01:34:02.361541-04:00 daria-VirtualBox kernel: rcu: 	RCU restricting CPUs from NR_CPUS=8192 to nr_cpu_ids=2.
2025-07-17T01:34:02.361541-04:00 daria-VirtualBox kernel: 	Trampoline variant of Tasks RCU enabled.
2025-07-17T01:34:02.361542-04:00 daria-VirtualBox kernel: 	Rude variant of Tasks RCU enabled.
2025-07-17T01:34:02.361542-04:00 daria-VirtualBox kernel: 	Tracing variant of Tasks RCU enabled.
2025-07-17T01:34:02.361544-04:00 daria-VirtualBox kernel: rcu: RCU calculated value of scheduler-enlistment delay is 100 jiffies.
2025-07-17T01:34:02.361544-04:00 daria-VirtualBox kernel: rcu: Adjusting geometry for rcu_fanout_leaf=16, nr_cpu_ids=2
2025-07-17T01:34:02.361545-04:00 daria-VirtualBox kernel: NR_IRQS: 524544, nr_irqs: 440, preallocated irqs: 16
2025-07-17T01:34:02.361545-04:00 daria-VirtualBox kernel: rcu: srcu_init: Setting srcu_struct sizes based on contention.
2025-07-17T01:34:02.361546-04:00 daria-VirtualBox kernel: Console: colour VGA+ 80x25
2025-07-17T01:34:02.361546-04:00 daria-VirtualBox kernel: printk: legacy console [tty0] enabled
2025-07-17T01:34:02.361548-04:00 daria-VirtualBox kernel: ACPI: Core revision 20230628
2025-07-17T01:34:02.361548-04:00 daria-VirtualBox kernel: APIC: Switch to symmetric I/O mode setup
2025-07-17T01:34:02.361549-04:00 daria-VirtualBox kernel: ..TIMER: vector=0x30 apic1=0 pin1=2 apic2=-1 pin2=-1
2025-07-17T01:34:02.361549-04:00 daria-VirtualBox kernel: clocksource: tsc-early: mask: 0xffffffffffffffff max_cycles: 0x2cd5a646d7e, max_idle_ns: 440795273267 ns
2025-07-17T01:34:02.361550-04:00 daria-VirtualBox kernel: Calibrating delay loop (skipped) preset value.. 6220.79 BogoMIPS (lpj=3110398)
2025-07-17T01:34:02.361550-04:00 daria-VirtualBox kernel: Last level iTLB entries: 4KB 0, 2MB 0, 4MB 0
2025-07-17T01:34:02.361552-04:00 daria-VirtualBox kernel: Last level dTLB entries: 4KB 0, 2MB 0, 4MB 0, 1GB 0
2025-07-17T01:34:02.361552-04:00 daria-VirtualBox kernel: Spectre V1 : Mitigation: usercopy/swapgs barriers and __user pointer sanitization
2025-07-17T01:34:02.361553-04:00 daria-VirtualBox kernel: Spectre V2 : Spectre BHI mitigation: SW BHB clearing on vm exit
2025-07-17T01:34:02.361553-04:00 daria-VirtualBox kernel: Spectre V2 : Spectre BHI mitigation: SW BHB clearing on syscall
2025-07-17T01:34:02.361554-04:00 daria-VirtualBox kernel: Spectre V2 : Mitigation: Enhanced / Automatic IBRS
2025-07-17T01:34:02.361554-04:00 daria-VirtualBox kernel: Spectre V2 : Spectre v2 / SpectreRSB mitigation: Filling RSB on context switch
2025-07-17T01:34:02.361555-04:00 daria-VirtualBox kernel: Spectre V2 : Spectre v2 / PBRSB-eIBRS: Retire a single CALL on VMEXIT
2025-07-17T01:34:02.361557-04:00 daria-VirtualBox kernel: RETBleed: Mitigation: Enhanced IBRS
2025-07-17T01:34:02.361557-04:00 daria-VirtualBox kernel: Speculative Store Bypass: Vulnerable
2025-07-17T01:34:02.361558-04:00 daria-VirtualBox kernel: Register File Data Sampling: Mitigation: Clear Register File
2025-07-17T01:34:02.361558-04:00 daria-VirtualBox kernel: x86/fpu: x87 FPU will use FXSAVE
2025-07-17T01:34:02.361558-04:00 daria-VirtualBox kernel: Freeing SMP alternatives memory: 48K
2025-07-17T01:34:02.361559-04:00 daria-VirtualBox kernel: pid_max: default: 32768 minimum: 301
2025-07-17T01:34:02.361561-04:00 daria-VirtualBox kernel: LSM: initializing lsm=lockdown,capability,landlock,yama,apparmor,integrity
2025-07-17T01:34:02.361561-04:00 daria-VirtualBox kernel: landlock: Up and running.
2025-07-17T01:34:02.361562-04:00 daria-VirtualBox kernel: Yama: becoming mindful.
2025-07-17T01:34:02.361562-04:00 daria-VirtualBox kernel: AppArmor: AppArmor initialized
2025-07-17T01:34:02.361563-04:00 daria-VirtualBox kernel: Mount-cache hash table entries: 8192 (order: 4, 65536 bytes, linear)
2025-07-17T01:34:02.361563-04:00 daria-VirtualBox kernel: Mountpoint-cache hash table entries: 8192 (order: 4, 65536 bytes, linear)
2025-07-17T01:34:02.361563-04:00 daria-VirtualBox kernel: APIC calibration not consistent with PM-Timer: 104ms instead of 100ms
2025-07-17T01:34:02.361565-04:00 daria-VirtualBox kernel: APIC delta adjusted to PM-Timer: 6245260 (6525356)
2025-07-17T01:34:02.361566-04:00 daria-VirtualBox kernel: smpboot: CPU0: 12th Gen Intel(R) Core(TM) i5-12500H (family: 0x6, model: 0x9a, stepping: 0x3)
2025-07-17T01:34:02.361566-04:00 daria-VirtualBox kernel: RCU Tasks: Setting shift to 1 and lim to 1 rcu_task_cb_adjust=1.
2025-07-17T01:34:02.361567-04:00 daria-VirtualBox kernel: RCU Tasks Rude: Setting shift to 1 and lim to 1 rcu_task_cb_adjust=1.
2025-07-17T01:34:02.361567-04:00 daria-VirtualBox kernel: RCU Tasks Trace: Setting shift to 1 and lim to 1 rcu_task_cb_adjust=1.
2025-07-17T01:34:02.361568-04:00 daria-VirtualBox kernel: Performance Events: unsupported p6 CPU model 154 no PMU driver, software events only.
2025-07-17T01:34:02.361569-04:00 daria-VirtualBox kernel: signal: max sigframe size: 1440
2025-07-17T01:34:02.361570-04:00 daria-VirtualBox kernel: rcu: Hierarchical SRCU implementation.
2025-07-17T01:34:02.361570-04:00 daria-VirtualBox kernel: rcu: 	Max phase no-delay instances is 400.
2025-07-17T01:34:02.361571-04:00 daria-VirtualBox kernel: NMI watchdog: Perf NMI watchdog permanently disabled
2025-07-17T01:34:02.361571-04:00 daria-VirtualBox kernel: smp: Bringing up secondary CPUs ...
2025-07-17T01:34:02.361572-04:00 daria-VirtualBox kernel: smpboot: x86: Booting SMP configuration:
2025-07-17T01:34:02.361573-04:00 daria-VirtualBox kernel: .... node  #0, CPUs:      #1
2025-07-17T01:34:02.361574-04:00 daria-VirtualBox kernel: TSC synchronization [CPU#0 -> CPU#1]:
2025-07-17T01:34:02.361574-04:00 daria-VirtualBox kernel: Measured 1443450 cycles TSC warp between CPUs, turning off TSC clock.
2025-07-17T01:34:02.361575-04:00 daria-VirtualBox kernel: tsc: Marking TSC unstable due to check_tsc_sync_source failed
2025-07-17T01:34:02.361575-04:00 daria-VirtualBox kernel: smp: Brought up 1 node, 2 CPUs
2025-07-17T01:34:02.361576-04:00 daria-VirtualBox kernel: smpboot: Max logical packages: 1
2025-07-17T01:34:02.361576-04:00 daria-VirtualBox kernel: smpboot: Total of 2 processors activated (12441.59 BogoMIPS)
2025-07-17T01:34:02.361578-04:00 daria-VirtualBox kernel: devtmpfs: initialized
2025-07-17T01:34:02.361579-04:00 daria-VirtualBox kernel: x86/mm: Memory block size: 128MB
2025-07-17T01:34:02.361579-04:00 daria-VirtualBox kernel: clocksource: jiffies: mask: 0xffffffff max_cycles: 0xffffffff, max_idle_ns: 1911260446275000 ns
2025-07-17T01:34:02.361579-04:00 daria-VirtualBox kernel: futex hash table entries: 512 (order: 3, 32768 bytes, linear)
2025-07-17T01:34:02.361580-04:00 daria-VirtualBox kernel: pinctrl core: initialized pinctrl subsystem
2025-07-17T01:34:02.361580-04:00 daria-VirtualBox kernel: PM: RTC time: 05:33:45, date: 2025-07-17
2025-07-17T01:34:02.361582-04:00 daria-VirtualBox kernel: NET: Registered PF_NETLINK/PF_ROUTE protocol family
2025-07-17T01:34:02.361583-04:00 daria-VirtualBox kernel: DMA: preallocated 512 KiB GFP_KERNEL pool for atomic allocations
2025-07-17T01:34:02.361583-04:00 daria-VirtualBox kernel: DMA: preallocated 512 KiB GFP_KERNEL|GFP_DMA pool for atomic allocations
2025-07-17T01:34:02.361583-04:00 daria-VirtualBox kernel: DMA: preallocated 512 KiB GFP_KERNEL|GFP_DMA32 pool for atomic allocations
2025-07-17T01:34:02.361584-04:00 daria-VirtualBox kernel: audit: initializing netlink subsys (disabled)
2025-07-17T01:34:02.361584-04:00 daria-VirtualBox kernel: audit: type=2000 audit(1752730436.978:1): state=initialized audit_enabled=0 res=1
2025-07-17T01:34:02.361585-04:00 daria-VirtualBox kernel: thermal_sys: Registered thermal governor 'fair_share'
2025-07-17T01:34:02.361587-04:00 daria-VirtualBox kernel: thermal_sys: Registered thermal governor 'bang_bang'
2025-07-17T01:34:02.361587-04:00 daria-VirtualBox kernel: thermal_sys: Registered thermal governor 'step_wise'
2025-07-17T01:34:02.361588-04:00 daria-VirtualBox kernel: thermal_sys: Registered thermal governor 'user_space'
2025-07-17T01:34:02.361588-04:00 daria-VirtualBox kernel: thermal_sys: Registered thermal governor 'power_allocator'
2025-07-17T01:34:02.361588-04:00 daria-VirtualBox kernel: EISA bus registered
2025-07-17T01:34:02.361589-04:00 daria-VirtualBox kernel: cpuidle: using governor ladder
2025-07-17T01:34:02.361592-04:00 daria-VirtualBox kernel: cpuidle: using governor menu
2025-07-17T01:34:02.361593-04:00 daria-VirtualBox kernel: acpiphp: ACPI Hot Plug PCI Controller Driver version: 0.5
2025-07-17T01:34:02.361593-04:00 daria-VirtualBox kernel: PCI: Using configuration type 1 for base access
2025-07-17T01:34:02.361593-04:00 daria-VirtualBox kernel: mtrr: your CPUs had inconsistent variable MTRR settings
2025-07-17T01:34:02.361594-04:00 daria-VirtualBox kernel: mtrr: probably your BIOS does not setup all CPUs.
2025-07-17T01:34:02.361594-04:00 daria-VirtualBox kernel: mtrr: corrected configuration.
2025-07-17T01:34:02.361596-04:00 daria-VirtualBox kernel: kprobes: kprobe jump-optimization is enabled. All kprobes are optimized if possible.
2025-07-17T01:34:02.361597-04:00 daria-VirtualBox kernel: HugeTLB: registered 2.00 MiB page size, pre-allocated 0 pages
2025-07-17T01:34:02.361597-04:00 daria-VirtualBox kernel: HugeTLB: 28 KiB vmemmap can be freed for a 2.00 MiB page
2025-07-17T01:34:02.361597-04:00 daria-VirtualBox kernel: ACPI: Added _OSI(Module Device)
2025-07-17T01:34:02.361598-04:00 daria-VirtualBox kernel: ACPI: Added _OSI(Processor Device)
2025-07-17T01:34:02.361598-04:00 daria-VirtualBox kernel: ACPI: Added _OSI(3.0 _SCP Extensions)
2025-07-17T01:34:02.361599-04:00 daria-VirtualBox kernel: ACPI: Added _OSI(Processor Aggregator Device)
2025-07-17T01:34:02.361600-04:00 daria-VirtualBox kernel: ACPI: 2 ACPI AML tables successfully acquired and loaded
2025-07-17T01:34:02.361601-04:00 daria-VirtualBox kernel: ACPI: _OSC evaluation for CPUs failed, trying _PDC
2025-07-17T01:34:02.361601-04:00 daria-VirtualBox kernel: ACPI: Interpreter enabled
2025-07-17T01:34:02.361602-04:00 daria-VirtualBox kernel: ACPI: PM: (supports S0 S5)
2025-07-17T01:34:02.361602-04:00 daria-VirtualBox kernel: ACPI: Using IOAPIC for interrupt routing
2025-07-17T01:34:02.361602-04:00 daria-VirtualBox kernel: PCI: Using host bridge windows from ACPI; if necessary, use "pci=nocrs" and report a bug
2025-07-17T01:34:02.361615-04:00 daria-VirtualBox kernel: PCI: Using E820 reservations for host bridge windows
2025-07-17T01:34:02.361615-04:00 daria-VirtualBox kernel: ACPI: Enabled 2 GPEs in block 00 to 07
2025-07-17T01:34:02.361616-04:00 daria-VirtualBox kernel: ACPI: PCI Root Bridge [PCI0] (domain 0000 [bus 00-ff])
2025-07-17T01:34:02.361616-04:00 daria-VirtualBox kernel: acpi PNP0A03:00: _OSC: OS supports [ASPM ClockPM Segments MSI EDR HPX-Type3]
2025-07-17T01:34:02.361616-04:00 daria-VirtualBox kernel: acpi PNP0A03:00: _OSC: not requesting OS control; OS requires [ExtendedConfig ASPM ClockPM MSI]
2025-07-17T01:34:02.361617-04:00 daria-VirtualBox kernel: acpi PNP0A03:00: fail to add MMCONFIG information, can't access extended configuration space under this bridge
2025-07-17T01:34:02.361621-04:00 daria-VirtualBox kernel: PCI host bridge to bus 0000:00
2025-07-17T01:34:02.361621-04:00 daria-VirtualBox kernel: pci_bus 0000:00: root bus resource [io  0x0000-0x0cf7 window]
2025-07-17T01:34:02.361622-04:00 daria-VirtualBox kernel: pci_bus 0000:00: root bus resource [io  0x0d00-0xffff window]
2025-07-17T01:34:02.361622-04:00 daria-VirtualBox kernel: pci_bus 0000:00: root bus resource [mem 0x000a0000-0x000bffff window]
2025-07-17T01:34:02.361623-04:00 daria-VirtualBox kernel: pci_bus 0000:00: root bus resource [mem 0xe0000000-0xfdffffff window]
2025-07-17T01:34:02.361623-04:00 daria-VirtualBox kernel: pci_bus 0000:00: root bus resource [bus 00-ff]
2025-07-17T01:34:02.361623-04:00 daria-VirtualBox kernel: pci 0000:00:00.0: [8086:1237] type 00 class 0x060000 conventional PCI endpoint
2025-07-17T01:34:02.361626-04:00 daria-VirtualBox kernel: pci 0000:00:01.0: [8086:7000] type 00 class 0x060100 conventional PCI endpoint
2025-07-17T01:34:02.361627-04:00 daria-VirtualBox kernel: pci 0000:00:01.1: [8086:7111] type 00 class 0x01018a conventional PCI endpoint
2025-07-17T01:34:02.361670-04:00 daria-VirtualBox kernel: pci 0000:00:01.1: BAR 4 [io  0xd000-0xd00f]
2025-07-17T01:34:02.361671-04:00 daria-VirtualBox kernel: pci 0000:00:01.1: BAR 0 [io  0x01f0-0x01f7]: legacy IDE quirk
2025-07-17T01:34:02.361671-04:00 daria-VirtualBox kernel: pci 0000:00:01.1: BAR 1 [io  0x03f6]: legacy IDE quirk
2025-07-17T01:34:02.361671-04:00 daria-VirtualBox kernel: pci 0000:00:01.1: BAR 2 [io  0x0170-0x0177]: legacy IDE quirk
2025-07-17T01:34:02.361674-04:00 daria-VirtualBox kernel: pci 0000:00:01.1: BAR 3 [io  0x0376]: legacy IDE quirk
2025-07-17T01:34:02.361675-04:00 daria-VirtualBox kernel: pci 0000:00:02.0: [15ad:0405] type 00 class 0x030000 conventional PCI endpoint
2025-07-17T01:34:02.361675-04:00 daria-VirtualBox kernel: pci 0000:00:02.0: BAR 0 [io  0xd010-0xd01f]
2025-07-17T01:34:02.361676-04:00 daria-VirtualBox kernel: pci 0000:00:02.0: BAR 1 [mem 0xe0000000-0xe0ffffff pref]
2025-07-17T01:34:02.361676-04:00 daria-VirtualBox kernel: pci 0000:00:02.0: BAR 2 [mem 0xf0000000-0xf01fffff]
2025-07-17T01:34:02.361676-04:00 daria-VirtualBox kernel: pci 0000:00:02.0: Video device with shadowed ROM at [mem 0x000c0000-0x000dffff]
2025-07-17T01:34:02.361677-04:00 daria-VirtualBox kernel: pci 0000:00:03.0: [8086:100e] type 00 class 0x020000 conventional PCI endpoint
2025-07-17T01:34:02.361680-04:00 daria-VirtualBox kernel: pci 0000:00:03.0: BAR 0 [mem 0xf0200000-0xf021ffff]
2025-07-17T01:34:02.361680-04:00 daria-VirtualBox kernel: pci 0000:00:03.0: BAR 2 [io  0xd020-0xd027]
2025-07-17T01:34:02.361681-04:00 daria-VirtualBox kernel: pci 0000:00:04.0: [80ee:cafe] type 00 class 0x088000 conventional PCI endpoint
2025-07-17T01:34:02.361681-04:00 daria-VirtualBox kernel: pci 0000:00:04.0: BAR 0 [io  0xd040-0xd05f]
2025-07-17T01:34:02.361682-04:00 daria-VirtualBox kernel: pci 0000:00:04.0: BAR 1 [mem 0xf0400000-0xf07fffff]
2025-07-17T01:34:02.361682-04:00 daria-VirtualBox kernel: pci 0000:00:04.0: BAR 2 [mem 0xf0800000-0xf0803fff pref]
2025-07-17T01:34:02.361685-04:00 daria-VirtualBox kernel: pci 0000:00:05.0: [8086:2415] type 00 class 0x040100 conventional PCI endpoint
2025-07-17T01:34:02.361685-04:00 daria-VirtualBox kernel: pci 0000:00:05.0: BAR 0 [io  0xd100-0xd1ff]
2025-07-17T01:34:02.361686-04:00 daria-VirtualBox kernel: pci 0000:00:05.0: BAR 1 [io  0xd200-0xd23f]
2025-07-17T01:34:02.361686-04:00 daria-VirtualBox kernel: pci 0000:00:06.0: [106b:003f] type 00 class 0x0c0310 conventional PCI endpoint
2025-07-17T01:34:02.361687-04:00 daria-VirtualBox kernel: pci 0000:00:06.0: BAR 0 [mem 0xf0804000-0xf0804fff]
2025-07-17T01:34:02.361687-04:00 daria-VirtualBox kernel: pci 0000:00:07.0: [8086:7113] type 00 class 0x068000 conventional PCI endpoint
2025-07-17T01:34:02.361690-04:00 daria-VirtualBox kernel: pci 0000:00:07.0: quirk: [io  0x4000-0x403f] claimed by PIIX4 ACPI
2025-07-17T01:34:02.361691-04:00 daria-VirtualBox kernel: pci 0000:00:07.0: quirk: [io  0x4100-0x410f] claimed by PIIX4 SMB
2025-07-17T01:34:02.361691-04:00 daria-VirtualBox kernel: pci 0000:00:0b.0: [8086:265c] type 00 class 0x0c0320 conventional PCI endpoint
2025-07-17T01:34:02.361691-04:00 daria-VirtualBox kernel: pci 0000:00:0b.0: BAR 0 [mem 0xf0805000-0xf0805fff]
2025-07-17T01:34:02.361692-04:00 daria-VirtualBox kernel: pci 0000:00:0d.0: [8086:2829] type 00 class 0x010601 conventional PCI endpoint
2025-07-17T01:34:02.361692-04:00 daria-VirtualBox kernel: pci 0000:00:0d.0: BAR 0 [io  0xd240-0xd247]
2025-07-17T01:34:02.361693-04:00 daria-VirtualBox kernel: pci 0000:00:0d.0: BAR 1 [io  0xd248-0xd24b]
2025-07-17T01:34:02.361696-04:00 daria-VirtualBox kernel: pci 0000:00:0d.0: BAR 2 [io  0xd250-0xd257]
2025-07-17T01:34:02.361696-04:00 daria-VirtualBox kernel: pci 0000:00:0d.0: BAR 3 [io  0xd258-0xd25b]
2025-07-17T01:34:02.361697-04:00 daria-VirtualBox kernel: pci 0000:00:0d.0: BAR 4 [io  0xd260-0xd26f]
2025-07-17T01:34:02.361697-04:00 daria-VirtualBox kernel: pci 0000:00:0d.0: BAR 5 [mem 0xf0806000-0xf0807fff]
2025-07-17T01:34:02.361697-04:00 daria-VirtualBox kernel: ACPI: PCI: Interrupt link LNKA configured for IRQ 11
2025-07-17T01:34:02.361698-04:00 daria-VirtualBox kernel: ACPI: PCI: Interrupt link LNKB configured for IRQ 10
2025-07-17T01:34:02.361701-04:00 daria-VirtualBox kernel: ACPI: PCI: Interrupt link LNKC configured for IRQ 9
2025-07-17T01:34:02.361701-04:00 daria-VirtualBox kernel: ACPI: PCI: Interrupt link LNKD configured for IRQ 11
2025-07-17T01:34:02.361702-04:00 daria-VirtualBox kernel: iommu: Default domain type: Translated
2025-07-17T01:34:02.361702-04:00 daria-VirtualBox kernel: iommu: DMA domain TLB invalidation policy: lazy mode
2025-07-17T01:34:02.361703-04:00 daria-VirtualBox kernel: SCSI subsystem initialized
2025-07-17T01:34:02.361703-04:00 daria-VirtualBox kernel: libata version 3.00 loaded.
2025-07-17T01:34:02.361703-04:00 daria-VirtualBox kernel: ACPI: bus type USB registered
2025-07-17T01:34:02.361706-04:00 daria-VirtualBox kernel: usbcore: registered new interface driver usbfs
2025-07-17T01:34:02.361706-04:00 daria-VirtualBox kernel: usbcore: registered new interface driver hub
2025-07-17T01:34:02.361707-04:00 daria-VirtualBox kernel: usbcore: registered new device driver usb
2025-07-17T01:34:02.361707-04:00 daria-VirtualBox kernel: pps_core: LinuxPPS API ver. 1 registered
2025-07-17T01:34:02.361708-04:00 daria-VirtualBox kernel: pps_core: Software ver. 5.3.6 - Copyright 2005-2007 Rodolfo Giometti <giometti@linux.it>
2025-07-17T01:34:02.361708-04:00 daria-VirtualBox kernel: PTP clock support registered
2025-07-17T01:34:02.361711-04:00 daria-VirtualBox kernel: EDAC MC: Ver: 3.0.0
2025-07-17T01:34:02.361711-04:00 daria-VirtualBox kernel: NetLabel: Initializing
2025-07-17T01:34:02.361712-04:00 daria-VirtualBox kernel: NetLabel:  domain hash size = 128
2025-07-17T01:34:02.361712-04:00 daria-VirtualBox kernel: NetLabel:  protocols = UNLABELED CIPSOv4 CALIPSO
2025-07-17T01:34:02.361713-04:00 daria-VirtualBox kernel: NetLabel:  unlabeled traffic allowed by default
2025-07-17T01:34:02.361713-04:00 daria-VirtualBox kernel: mctp: management component transport protocol core
2025-07-17T01:34:02.361716-04:00 daria-VirtualBox kernel: NET: Registered PF_MCTP protocol family
2025-07-17T01:34:02.361716-04:00 daria-VirtualBox kernel: PCI: Using ACPI for IRQ routing
2025-07-17T01:34:02.361717-04:00 daria-VirtualBox kernel: PCI: pci_cache_line_size set to 64 bytes
2025-07-17T01:34:02.361717-04:00 daria-VirtualBox kernel: e820: reserve RAM buffer [mem 0x0009fc00-0x0009ffff]
2025-07-17T01:34:02.361718-04:00 daria-VirtualBox kernel: e820: reserve RAM buffer [mem 0xdfff0000-0xdfffffff]
2025-07-17T01:34:02.361718-04:00 daria-VirtualBox kernel: pci 0000:00:02.0: vgaarb: setting as boot VGA device
2025-07-17T01:34:02.361719-04:00 daria-VirtualBox kernel: pci 0000:00:02.0: vgaarb: bridge control possible
2025-07-17T01:34:02.361723-04:00 daria-VirtualBox kernel: pci 0000:00:02.0: vgaarb: VGA device added: decodes=io+mem,owns=io+mem,locks=none
2025-07-17T01:34:02.361723-04:00 daria-VirtualBox kernel: vgaarb: loaded
2025-07-17T01:34:02.361724-04:00 daria-VirtualBox kernel: clocksource: Switched to clocksource kvm-clock
2025-07-17T01:34:02.361724-04:00 daria-VirtualBox kernel: VFS: Disk quotas dquot_6.6.0
2025-07-17T01:34:02.361725-04:00 daria-VirtualBox kernel: VFS: Dquot-cache hash table entries: 512 (order 0, 4096 bytes)
2025-07-17T01:34:02.361725-04:00 daria-VirtualBox kernel: AppArmor: AppArmor Filesystem Enabled
2025-07-17T01:34:02.361728-04:00 daria-VirtualBox kernel: pnp: PnP ACPI init
2025-07-17T01:34:02.361728-04:00 daria-VirtualBox kernel: pnp: PnP ACPI: found 2 devices
2025-07-17T01:34:02.361729-04:00 daria-VirtualBox kernel: clocksource: acpi_pm: mask: 0xffffff max_cycles: 0xffffff, max_idle_ns: 2085701024 ns
2025-07-17T01:34:02.361729-04:00 daria-VirtualBox kernel: NET: Registered PF_INET protocol family
2025-07-17T01:34:02.361730-04:00 daria-VirtualBox kernel: IP idents hash table entries: 65536 (order: 7, 524288 bytes, linear)
2025-07-17T01:34:02.361730-04:00 daria-VirtualBox kernel: tcp_listen_portaddr_hash hash table entries: 2048 (order: 3, 32768 bytes, linear)
2025-07-17T01:34:02.361731-04:00 daria-VirtualBox kernel: Table-perturb hash table entries: 65536 (order: 6, 262144 bytes, linear)
2025-07-17T01:34:02.361733-04:00 daria-VirtualBox kernel: TCP established hash table entries: 32768 (order: 6, 262144 bytes, linear)
2025-07-17T01:34:02.361734-04:00 daria-VirtualBox kernel: TCP bind hash table entries: 32768 (order: 8, 1048576 bytes, linear)
2025-07-17T01:34:02.361734-04:00 daria-VirtualBox kernel: TCP: Hash tables configured (established 32768 bind 32768)
2025-07-17T01:34:02.361735-04:00 daria-VirtualBox kernel: MPTCP token hash table entries: 4096 (order: 4, 98304 bytes, linear)
2025-07-17T01:34:02.361735-04:00 daria-VirtualBox kernel: UDP hash table entries: 2048 (order: 4, 65536 bytes, linear)
2025-07-17T01:34:02.361736-04:00 daria-VirtualBox kernel: UDP-Lite hash table entries: 2048 (order: 4, 65536 bytes, linear)
2025-07-17T01:34:02.361738-04:00 daria-VirtualBox kernel: NET: Registered PF_UNIX/PF_LOCAL protocol family
2025-07-17T01:34:02.361739-04:00 daria-VirtualBox kernel: NET: Registered PF_XDP protocol family
2025-07-17T01:34:02.361739-04:00 daria-VirtualBox kernel: pci_bus 0000:00: resource 4 [io  0x0000-0x0cf7 window]
2025-07-17T01:34:02.361740-04:00 daria-VirtualBox kernel: pci_bus 0000:00: resource 5 [io  0x0d00-0xffff window]
2025-07-17T01:34:02.361740-04:00 daria-VirtualBox kernel: pci_bus 0000:00: resource 6 [mem 0x000a0000-0x000bffff window]
2025-07-17T01:34:02.361741-04:00 daria-VirtualBox kernel: pci_bus 0000:00: resource 7 [mem 0xe0000000-0xfdffffff window]
2025-07-17T01:34:02.361743-04:00 daria-VirtualBox kernel: pci 0000:00:00.0: Limiting direct PCI/PCI transfers
2025-07-17T01:34:02.361744-04:00 daria-VirtualBox kernel: PCI: CLS 0 bytes, default 64
2025-07-17T01:34:02.361744-04:00 daria-VirtualBox kernel: Trying to unpack rootfs image as initramfs...
2025-07-17T01:34:02.361745-04:00 daria-VirtualBox kernel: PCI-DMA: Using software bounce buffering for IO (SWIOTLB)
2025-07-17T01:34:02.361745-04:00 daria-VirtualBox kernel: software IO TLB: mapped [mem 0x00000000dbff0000-0x00000000dfff0000] (64MB)
2025-07-17T01:34:02.361746-04:00 daria-VirtualBox kernel: platform rtc_cmos: registered platform RTC device (no PNP device found)
2025-07-17T01:34:02.361746-04:00 daria-VirtualBox kernel: Initialise system trusted keyrings
2025-07-17T01:34:02.361749-04:00 daria-VirtualBox kernel: Key type blacklist registered
2025-07-17T01:34:02.361749-04:00 daria-VirtualBox kernel: workingset: timestamp_bits=36 max_order=20 bucket_order=0
2025-07-17T01:34:02.361750-04:00 daria-VirtualBox kernel: zbud: loaded
2025-07-17T01:34:02.361750-04:00 daria-VirtualBox kernel: squashfs: version 4.0 (2009/01/31) Phillip Lougher
2025-07-17T01:34:02.361751-04:00 daria-VirtualBox kernel: fuse: init (API version 7.39)
2025-07-17T01:34:02.361751-04:00 daria-VirtualBox kernel: integrity: Platform Keyring initialized
2025-07-17T01:34:02.361754-04:00 daria-VirtualBox kernel: integrity: Machine keyring initialized
2025-07-17T01:34:02.361754-04:00 daria-VirtualBox kernel: Key type asymmetric registered
2025-07-17T01:34:02.361755-04:00 daria-VirtualBox kernel: Asymmetric key parser 'x509' registered
